
 Start         Length     Name                   Class
 0001:00000000 000AA064H .text                   CODE
 0002:00000000 00004DD4H .data                   DATA
 0002:00004DD4 0000112DH .bss                    BSS


Detailed map of segments

 0001:00000000 000055AB C=CODE     S=.text    G=(none)   M=System   ACBP=A9
 0001:000055AC 00000140 C=CODE     S=.text    G=(none)   M=SysInit  ACBP=A9
 0001:000056EC 00000078 C=CODE     S=.text    G=(none)   M=Types    ACBP=A9
 0001:00005764 00000CB0 C=CODE     S=.text    G=(none)   M=Windows  ACBP=A9
 0001:00006414 00000038 C=CODE     S=.text    G=(none)   M=Messages ACBP=A9
 0001:0000644C 00000330 C=CODE     S=.text    G=(none)   M=SysConst ACBP=A9
 0001:0000677C 00007A08 C=CODE     S=.text    G=(none)   M=SysUtils ACBP=A9
 0001:0000E184 000007FB C=CODE     S=.text    G=(none)   M=VarUtils ACBP=A9
 0001:0000E980 00005CCA C=CODE     S=.text    G=(none)   M=Variants ACBP=A9
 0001:0001464C 00000138 C=CODE     S=.text    G=(none)   M=RTLConsts ACBP=A9
 0001:00014784 0000083C C=CODE     S=.text    G=(none)   M=TypInfo  ACBP=A9
 0001:00014FC0 00000038 C=CODE     S=.text    G=(none)   M=ActiveX  ACBP=A9
 0001:00014FF8 0000AE7A C=CODE     S=.text    G=(none)   M=Classes  ACBP=A9
 0001:0001FE74 00000298 C=CODE     S=.text    G=(none)   M=Consts   ACBP=A9
 0001:0002010C 000072D7 C=CODE     S=.text    G=(none)   M=Graphics ACBP=A9
 0001:000273E4 00000048 C=CODE     S=.text    G=(none)   M=Math     ACBP=A9
 0001:0002742C 000002B8 C=CODE     S=.text    G=(none)   M=Contnrs  ACBP=A9
 0001:000276E4 000000F4 C=CODE     S=.text    G=(none)   M=CommCtrl ACBP=A9
 0001:000277D8 00000787 C=CODE     S=.text    G=(none)   M=MultiMon ACBP=A9
 0001:00027F60 00000038 C=CODE     S=.text    G=(none)   M=Imm      ACBP=A9
 0001:00027F98 00000FF8 C=CODE     S=.text    G=(none)   M=HelpIntfs ACBP=A9
 0001:00028F90 00000038 C=CODE     S=.text    G=(none)   M=WinSpool ACBP=A9
 0001:00028FC8 00000044 C=CODE     S=.text    G=(none)   M=Printers ACBP=A9
 0001:0002900C 0000031F C=CODE     S=.text    G=(none)   M=FlatSB   ACBP=A9
 0001:0002932C 000001A4 C=CODE     S=.text    G=(none)   M=SyncObjs ACBP=A9
 0001:000294D0 000009BB C=CODE     S=.text    G=(none)   M=UxTheme  ACBP=A9
 0001:00029E8C 00000038 C=CODE     S=.text    G=(none)   M=RichEdit ACBP=A9
 0001:00029EC4 00000038 C=CODE     S=.text    G=(none)   M=ToolWin  ACBP=A9
 0001:00029EFC 00000038 C=CODE     S=.text    G=(none)   M=ShellAPI ACBP=A9
 0001:00029F34 00000038 C=CODE     S=.text    G=(none)   M=RegStr   ACBP=A9
 0001:00029F6C 00000038 C=CODE     S=.text    G=(none)   M=WinInet  ACBP=A9
 0001:00029FA4 00000038 C=CODE     S=.text    G=(none)   M=UrlMon   ACBP=A9
 0001:00029FDC 0000006C C=CODE     S=.text    G=(none)   M=ShlObj   ACBP=A9
 0001:0002A048 00000040 C=CODE     S=.text    G=(none)   M=CommDlg  ACBP=A9
 0001:0002A088 00000038 C=CODE     S=.text    G=(none)   M=Dlgs     ACBP=A9
 0001:0002A0C0 000016A9 C=CODE     S=.text    G=(none)   M=Dialogs  ACBP=A9
 0001:0002B76C 00000652 C=CODE     S=.text    G=(none)   M=ExtCtrls ACBP=A9
 0001:0002BDC0 00000038 C=CODE     S=.text    G=(none)   M=ComStrs  ACBP=A9
 0001:0002BDF8 00000094 C=CODE     S=.text    G=(none)   M=Clipbrd  ACBP=A9
 0001:0002BE8C 000000A0 C=CODE     S=.text    G=(none)   M=StrUtils ACBP=A9
 0001:0002BF2C 000000F5 C=CODE     S=.text    G=(none)   M=Buttons  ACBP=A9
 0001:0002C024 00000038 C=CODE     S=.text    G=(none)   M=ExtDlgs  ACBP=A9
 0001:0002C05C 00000068 C=CODE     S=.text    G=(none)   M=IniFiles ACBP=A9
 0001:0002C0C4 00000068 C=CODE     S=.text    G=(none)   M=Registry ACBP=A9
 0001:0002C12C 0000006C C=CODE     S=.text    G=(none)   M=Mapi     ACBP=A9
 0001:0002C198 00000058 C=CODE     S=.text    G=(none)   M=ExtActns ACBP=A9
 0001:0002C1F0 00000038 C=CODE     S=.text    G=(none)   M=ListActns ACBP=A9
 0001:0002C228 00000180 C=CODE     S=.text    G=(none)   M=ComCtrls ACBP=A9
 0001:0002C3A8 00000A0C C=CODE     S=.text    G=(none)   M=Themes   ACBP=A9
 0001:0002CDB4 00002D34 C=CODE     S=.text    G=(none)   M=StdCtrls ACBP=A9
 0001:0002FAE8 00000168 C=CODE     S=.text    G=(none)   M=StdActns ACBP=A9
 0001:0002FC50 00000D1F C=CODE     S=.text    G=(none)   M=WinHelpViewer ACBP=A9
 0001:00030970 00010887 C=CODE     S=.text    G=(none)   M=Controls ACBP=A9
 0001:000411F8 00001292 C=CODE     S=.text    G=(none)   M=ActnList ACBP=A9
 0001:0004248C 000016E4 C=CODE     S=.text    G=(none)   M=ImgList  ACBP=A9
 0001:00043B70 000066AD C=CODE     S=.text    G=(none)   M=Menus    ACBP=A9
 0001:0004A220 0000C568 C=CODE     S=.text    G=(none)   M=Forms    ACBP=A9
 0001:00056788 0000039C C=CODE     S=.text    G=(none)   M=GpStreamWrapper ACBP=A9
 0001:00056B24 000013B8 C=CODE     S=.text    G=(none)   M=GpTextStream ACBP=A9
 0001:00057EDC 00000050 C=CODE     S=.text    G=(none)   M=fs_synmemo ACBP=A9
 0001:00057F2C 0000047C C=CODE     S=.text    G=(none)   M=IdException ACBP=A9
 0001:000583A8 00000038 C=CODE     S=.text    G=(none)   M=DateUtils ACBP=A9
 0001:000583E0 00000268 C=CODE     S=.text    G=(none)   M=IdResourceStrings ACBP=A9
 0001:00058648 0000027C C=CODE     S=.text    G=(none)   M=IdStreamVCL ACBP=A9
 0001:000588C4 00000038 C=CODE     S=.text    G=(none)   M=IdStream ACBP=A9
 0001:000588FC 00005B6C C=CODE     S=.text    G=(none)   M=IdGlobal ACBP=A9
 0001:0005E468 00000294 C=CODE     S=.text    G=(none)   M=IdBaseComponent ACBP=A9
 0001:0005E6FC 00003108 C=CODE     S=.text    G=(none)   M=IdWinsock2 ACBP=A9
 0001:00061804 00000F1C C=CODE     S=.text    G=(none)   M=IdWship6 ACBP=A9
 0001:00062720 00000038 C=CODE     S=.text    G=(none)   M=IdStackConsts ACBP=A9
 0001:00062758 00000380 C=CODE     S=.text    G=(none)   M=IdIDN    ACBP=A9
 0001:00062AD8 00000990 C=CODE     S=.text    G=(none)   M=IdStackBSDBase ACBP=A9
 0001:00063468 00002CD4 C=CODE     S=.text    G=(none)   M=IdStackWindows ACBP=A9
 0001:0006613C 00001621 C=CODE     S=.text    G=(none)   M=IdStack  ACBP=A9
 0001:00067760 00000634 C=CODE     S=.text    G=(none)   M=IdComponent ACBP=A9
 0001:00067D94 00000E2C C=CODE     S=.text    G=(none)   M=IdExceptionCore ACBP=A9
 0001:00068BC0 00000168 C=CODE     S=.text    G=(none)   M=IdResourceStringsCore ACBP=A9
 0001:00068D28 00000B04 C=CODE     S=.text    G=(none)   M=IdBuffer ACBP=A9
 0001:0006982C 00000470 C=CODE     S=.text    G=(none)   M=IdIntercept ACBP=A9
 0001:00069C9C 000002C4 C=CODE     S=.text    G=(none)   M=IdAntiFreezeBase ACBP=A9
 0001:00069F60 00002CEC C=CODE     S=.text    G=(none)   M=IdIOHandler ACBP=A9
 0001:0006CC4C 00000B44 C=CODE     S=.text    G=(none)   M=IdSocketHandle ACBP=A9
 0001:0006D790 0000065C C=CODE     S=.text    G=(none)   M=IdCustomTransparentProxy ACBP=A9
 0001:0006DDEC 00000038 C=CODE     S=.text    G=(none)   M=IdAssignedNumbers ACBP=A9
 0001:0006DE24 000001E8 C=CODE     S=.text    G=(none)   M=IdIPAddress ACBP=A9
 0001:0006E00C 0000055C C=CODE     S=.text    G=(none)   M=IdReply  ACBP=A9
 0001:0006E568 00000540 C=CODE     S=.text    G=(none)   M=IdReplyRFC ACBP=A9
 0001:0006EAA8 000008FC C=CODE     S=.text    G=(none)   M=IdIOHandlerStack ACBP=A9
 0001:0006F3A4 00000BD4 C=CODE     S=.text    G=(none)   M=IdTCPClient ACBP=A9
 0001:0006FF78 0000265C C=CODE     S=.text    G=(none)   M=IdSocks  ACBP=A9
 0001:000725D4 00000944 C=CODE     S=.text    G=(none)   M=IdIOHandlerSocket ACBP=A9
 0001:00072F18 000009E0 C=CODE     S=.text    G=(none)   M=IdTCPConnection ACBP=A9
 0001:000738F8 00000038 C=CODE     S=.text    G=(none)   M=IdYarn   ACBP=A9
 0001:00073930 00000038 C=CODE     S=.text    G=(none)   M=IdTask   ACBP=A9
 0001:00073968 00000288 C=CODE     S=.text    G=(none)   M=IdThreadSafe ACBP=A9
 0001:00073BF0 00000038 C=CODE     S=.text    G=(none)   M=IdContext ACBP=A9
 0001:00073C28 00000038 C=CODE     S=.text    G=(none)   M=IdCommandHandlers ACBP=A9
 0001:00073C60 00000190 C=CODE     S=.text    G=(none)   M=IdServerIOHandler ACBP=A9
 0001:00073DF0 00000038 C=CODE     S=.text    G=(none)   M=IdServerIOHandlerSocket ACBP=A9
 0001:00073E28 00000038 C=CODE     S=.text    G=(none)   M=IdServerIOHandlerStack ACBP=A9
 0001:00073E60 00000038 C=CODE     S=.text    G=(none)   M=IdGlobalCore ACBP=A9
 0001:00073E98 00000038 C=CODE     S=.text    G=(none)   M=IdSchedulerOfThreadDefault ACBP=A9
 0001:00073ED0 00000038 C=CODE     S=.text    G=(none)   M=IdSchedulerOfThread ACBP=A9
 0001:00073F08 000000C3 C=CODE     S=.text    G=(none)   M=IdThread ACBP=A9
 0001:00073FCC 00000038 C=CODE     S=.text    G=(none)   M=IdScheduler ACBP=A9
 0001:00074004 00000038 C=CODE     S=.text    G=(none)   M=IdCustomTCPServer ACBP=A9
 0001:0007403C 00000038 C=CODE     S=.text    G=(none)   M=IdTCPServer ACBP=A9
 0001:00074074 00000038 C=CODE     S=.text    G=(none)   M=IdCmdTCPServer ACBP=A9
 0001:000740AC 000000F0 C=CODE     S=.text    G=(none)   M=IdResourceStringsProtocols ACBP=A9
 0001:0007419C 000005AF C=CODE     S=.text    G=(none)   M=IdSSL    ACBP=A9
 0001:0007474C 00000038 C=CODE     S=.text    G=(none)   M=IdExplicitTLSClientServerBase ACBP=A9
 0001:00074784 00004D1C C=CODE     S=.text    G=(none)   M=IdCharsets ACBP=A9
 0001:000794A0 00004C5C C=CODE     S=.text    G=(none)   M=IdGlobalProtocols ACBP=A9
 0001:0007E0FC 000005F8 C=CODE     S=.text    G=(none)   M=IdCoder  ACBP=A9
 0001:0007E6F4 000009E8 C=CODE     S=.text    G=(none)   M=IdCoder3to4 ACBP=A9
 0001:0007F0DC 000006B3 C=CODE     S=.text    G=(none)   M=IdCoderMIME ACBP=A9
 0001:0007F790 00000CE0 C=CODE     S=.text    G=(none)   M=IdHeaderList ACBP=A9
 0001:00080470 00000038 C=CODE     S=.text    G=(none)   M=IdIOHandlerStream ACBP=A9
 0001:000804A8 0000011C C=CODE     S=.text    G=(none)   M=IdEMailAddress ACBP=A9
 0001:000805C4 000002A3 C=CODE     S=.text    G=(none)   M=IdHeaderCoderBase ACBP=A9
 0001:00080868 0000020C C=CODE     S=.text    G=(none)   M=IdHeaderCoderPlain ACBP=A9
 0001:00080A74 00000494 C=CODE     S=.text    G=(none)   M=IdHeaderCoder2022JP ACBP=A9
 0001:00080F08 00000268 C=CODE     S=.text    G=(none)   M=IdHeaderCoderIndy ACBP=A9
 0001:00081170 00000038 C=CODE     S=.text    G=(none)   M=IdAllHeaderCoders ACBP=A9
 0001:000811A8 000006A4 C=CODE     S=.text    G=(none)   M=IdCoderHeader ACBP=A9
 0001:0008184C 00000038 C=CODE     S=.text    G=(none)   M=IdTCPStream ACBP=A9
 0001:00081884 00000C14 C=CODE     S=.text    G=(none)   M=IdMessageCoder ACBP=A9
 0001:00082498 000008BC C=CODE     S=.text    G=(none)   M=IdCoderQuotedPrintable ACBP=A9
 0001:00082D54 00000C5F C=CODE     S=.text    G=(none)   M=IdCoderBinHex4 ACBP=A9
 0001:000839B4 000015FC C=CODE     S=.text    G=(none)   M=IdMessageCoderMIME ACBP=A9
 0001:00084FB0 00000278 C=CODE     S=.text    G=(none)   M=IdMessageCoderBinHex4 ACBP=A9
 0001:00085228 00000280 C=CODE     S=.text    G=(none)   M=IdMessageCoderQuotedPrintable ACBP=A9
 0001:000854A8 00000488 C=CODE     S=.text    G=(none)   M=IdCoder00E ACBP=A9
 0001:00085930 000002DD C=CODE     S=.text    G=(none)   M=IdCoderUUE ACBP=A9
 0001:00085C10 000002D3 C=CODE     S=.text    G=(none)   M=IdCoderXXE ACBP=A9
 0001:00085EE4 00000898 C=CODE     S=.text    G=(none)   M=IdMessageCoderUUE ACBP=A9
 0001:0008677C 0000020C C=CODE     S=.text    G=(none)   M=IdMessageCoderXXE ACBP=A9
 0001:00086988 00000038 C=CODE     S=.text    G=(none)   M=IdAttachmentFile ACBP=A9
 0001:000869C0 00000038 C=CODE     S=.text    G=(none)   M=IdText   ACBP=A9
 0001:000869F8 00000038 C=CODE     S=.text    G=(none)   M=IdMessageParts ACBP=A9
 0001:00086A30 00000038 C=CODE     S=.text    G=(none)   M=IdAttachment ACBP=A9
 0001:00086A68 00000330 C=CODE     S=.text    G=(none)   M=IdMessage ACBP=A9
 0001:00086D98 00000038 C=CODE     S=.text    G=(none)   M=IdMessageClient ACBP=A9
 0001:00086DD0 00000038 C=CODE     S=.text    G=(none)   M=IdReplySMTP ACBP=A9
 0001:00086E08 00000038 C=CODE     S=.text    G=(none)   M=IdSMTPBase ACBP=A9
 0001:00086E40 00000057 C=CODE     S=.text    G=(none)   M=IdSASL   ACBP=A9
 0001:00086E98 00000050 C=CODE     S=.text    G=(none)   M=IdSASLCollection ACBP=A9
 0001:00086EE8 00000038 C=CODE     S=.text    G=(none)   M=IdSMTP   ACBP=A9
 0001:00086F20 000009A8 C=CODE     S=.text    G=(none)   M=IdAuthentication ACBP=A9
 0001:000878C8 00003310 C=CODE     S=.text    G=(none)   M=IdHTTPHeaderInfo ACBP=A9
 0001:0008ABD8 0000041C C=CODE     S=.text    G=(none)   M=IdZLibCompressorBase ACBP=A9
 0001:0008AFF4 00000038 C=CODE     S=.text    G=(none)   M=IdResourceStringsUriUtils ACBP=A9
 0001:0008B02C 00000038 C=CODE     S=.text    G=(none)   M=IdUriUtils ACBP=A9
 0001:0008B064 00000B54 C=CODE     S=.text    G=(none)   M=IdURI    ACBP=A9
 0001:0008BBB8 000019A0 C=CODE     S=.text    G=(none)   M=IdCookie ACBP=A9
 0001:0008D558 000006D0 C=CODE     S=.text    G=(none)   M=IdCookieManager ACBP=A9
 0001:0008DC28 000000AC C=CODE     S=.text    G=(none)   M=IdAuthenticationManager ACBP=A9
 0001:0008DCD4 000000E4 C=CODE     S=.text    G=(none)   M=IdMultipartFormData ACBP=A9
 0001:0008DDB8 000000D8 C=CODE     S=.text    G=(none)   M=IdResourceStringsOpenSSL ACBP=A9
 0001:0008DE90 00000038 C=CODE     S=.text    G=(none)   M=IdCTypes ACBP=A9
 0001:0008DEC8 00000336 C=CODE     S=.text    G=(none)   M=IdFIPS   ACBP=A9
 0001:0008E200 00008E07 C=CODE     S=.text    G=(none)   M=IdSSLOpenSSLHeaders ACBP=A9
 0001:00097008 00005228 C=CODE     S=.text    G=(none)   M=IdSSLOpenSSL ACBP=A9
 0001:0009C230 00000038 C=CODE     S=.text    G=(none)   M=IdStruct ACBP=A9
 0001:0009C268 0000067C C=CODE     S=.text    G=(none)   M=IdHash   ACBP=A9
 0001:0009C8E4 00001014 C=CODE     S=.text    G=(none)   M=IdHashMessageDigest ACBP=A9
 0001:0009D8F8 00000924 C=CODE     S=.text    G=(none)   M=IdNTLM   ACBP=A9
 0001:0009E21C 00000564 C=CODE     S=.text    G=(none)   M=IdAuthenticationNTLM ACBP=A9
 0001:0009E780 00000050 C=CODE     S=.text    G=(none)   M=IdSSPI   ACBP=A9
 0001:0009E7D0 00000318 C=CODE     S=.text    G=(none)   M=IdResourceStringsSSPI ACBP=A9
 0001:0009EAE8 00002298 C=CODE     S=.text    G=(none)   M=IdAuthenticationSSPI ACBP=A9
 0001:000A0D80 00000C38 C=CODE     S=.text    G=(none)   M=IdAuthenticationDigest ACBP=A9
 0001:000A19B8 00000038 C=CODE     S=.text    G=(none)   M=IdAllAuthentications ACBP=A9
 0001:000A19F0 00004EA4 C=CODE     S=.text    G=(none)   M=IdHTTP   ACBP=A9
 0001:000A6894 00001C38 C=CODE     S=.text    G=(none)   M=uLkJSON  ACBP=A9
 0001:000A84CC 00001144 C=CODE     S=.text    G=(none)   M=usendgrid ACBP=A9
 0001:000A9610 0000044C C=CODE     S=.text    G=(none)   M=Unit1    ACBP=A9
 0001:000A9A5C 00000605 C=CODE     S=.text    G=(none)   M=sendgrid ACBP=A9
 0002:00000000 0000009C C=DATA     S=.data    G=DGROUP   M=System   ACBP=A9
 0002:0000009C 00000020 C=DATA     S=.data    G=DGROUP   M=SysInit  ACBP=A9
 0002:000000BC 00000254 C=DATA     S=.data    G=DGROUP   M=SysUtils ACBP=A9
 0002:00000310 00000008 C=DATA     S=.data    G=DGROUP   M=VarUtils ACBP=A9
 0002:00000318 0000008E C=DATA     S=.data    G=DGROUP   M=Variants ACBP=A9
 0002:000003A8 0000000C C=DATA     S=.data    G=DGROUP   M=TypInfo  ACBP=A9
 0002:000003B4 00000064 C=DATA     S=.data    G=DGROUP   M=Classes  ACBP=A9
 0002:00000418 00000304 C=DATA     S=.data    G=DGROUP   M=Graphics ACBP=A9
 0002:0000071C 00000004 C=DATA     S=.data    G=DGROUP   M=Printers ACBP=A9
 0002:00000720 000000D4 C=DATA     S=.data    G=DGROUP   M=Dialogs  ACBP=A9
 0002:000007F4 00000178 C=DATA     S=.data    G=DGROUP   M=ExtCtrls ACBP=A9
 0002:0000096C 0000002C C=DATA     S=.data    G=DGROUP   M=Buttons  ACBP=A9
 0002:00000998 00000008 C=DATA     S=.data    G=DGROUP   M=IniFiles ACBP=A9
 0002:000009A0 00000008 C=DATA     S=.data    G=DGROUP   M=Registry ACBP=A9
 0002:000009A8 00000008 C=DATA     S=.data    G=DGROUP   M=Mapi     ACBP=A9
 0002:000009B0 00000018 C=DATA     S=.data    G=DGROUP   M=ComCtrls ACBP=A9
 0002:000009C8 00000068 C=DATA     S=.data    G=DGROUP   M=Themes   ACBP=A9
 0002:00000A30 00000070 C=DATA     S=.data    G=DGROUP   M=StdCtrls ACBP=A9
 0002:00000AA0 0000013C C=DATA     S=.data    G=DGROUP   M=Controls ACBP=A9
 0002:00000BDC 00000020 C=DATA     S=.data    G=DGROUP   M=ImgList  ACBP=A9
 0002:00000BFC 000000EC C=DATA     S=.data    G=DGROUP   M=Menus    ACBP=A9
 0002:00000CE8 0000011C C=DATA     S=.data    G=DGROUP   M=Forms    ACBP=A9
 0002:00000E04 00000015 C=DATA     S=.data    G=DGROUP   M=GpTextStream ACBP=A9
 0002:00000E1C 00000004 C=DATA     S=.data    G=DGROUP   M=fs_synmemo ACBP=A9
 0002:00000E20 00000088 C=DATA     S=.data    G=DGROUP   M=IdGlobal ACBP=A9
 0002:00000EA8 00000278 C=DATA     S=.data    G=DGROUP   M=IdWinsock2 ACBP=A9
 0002:00001120 00000048 C=DATA     S=.data    G=DGROUP   M=IdWship6 ACBP=A9
 0002:00001168 00000008 C=DATA     S=.data    G=DGROUP   M=IdStackConsts ACBP=A9
 0002:00001170 00000028 C=DATA     S=.data    G=DGROUP   M=IdIDN    ACBP=A9
 0002:00001198 0000000C C=DATA     S=.data    G=DGROUP   M=IdStackBSDBase ACBP=A9
 0002:000011A4 00000024 C=DATA     S=.data    G=DGROUP   M=IdStackWindows ACBP=A9
 0002:000011C8 00000014 C=DATA     S=.data    G=DGROUP   M=IdStack  ACBP=A9
 0002:000011DC 00000024 C=DATA     S=.data    G=DGROUP   M=IdComponent ACBP=A9
 0002:00001200 00000004 C=DATA     S=.data    G=DGROUP   M=IdAntiFreezeBase ACBP=A9
 0002:00001204 00000008 C=DATA     S=.data    G=DGROUP   M=IdIOHandler ACBP=A9
 0002:0000120C 00000004 C=DATA     S=.data    G=DGROUP   M=IdThread ACBP=A9
 0002:00001210 00001560 C=DATA     S=.data    G=DGROUP   M=IdCharsets ACBP=A9
 0002:00002770 00000AFC C=DATA     S=.data    G=DGROUP   M=IdGlobalProtocols ACBP=A9
 0002:0000326C 00000004 C=DATA     S=.data    G=DGROUP   M=IdCoderMIME ACBP=A9
 0002:00003270 0000000C C=DATA     S=.data    G=DGROUP   M=IdEMailAddress ACBP=A9
 0002:0000327C 0000000C C=DATA     S=.data    G=DGROUP   M=IdHeaderCoderBase ACBP=A9
 0002:00003288 00000380 C=DATA     S=.data    G=DGROUP   M=IdHeaderCoder2022JP ACBP=A9
 0002:00003608 00000044 C=DATA     S=.data    G=DGROUP   M=IdCoderHeader ACBP=A9
 0002:0000364C 00000008 C=DATA     S=.data    G=DGROUP   M=IdMessageCoder ACBP=A9
 0002:00003654 00000008 C=DATA     S=.data    G=DGROUP   M=IdCoderBinHex4 ACBP=A9
 0002:0000365C 00000001 C=DATA     S=.data    G=DGROUP   M=IdMessageCoderMIME ACBP=A9
 0002:00003660 00000004 C=DATA     S=.data    G=DGROUP   M=IdCoderUUE ACBP=A9
 0002:00003664 00000004 C=DATA     S=.data    G=DGROUP   M=IdCoderXXE ACBP=A9
 0002:00003668 00000040 C=DATA     S=.data    G=DGROUP   M=IdMessage ACBP=A9
 0002:000036A8 00000004 C=DATA     S=.data    G=DGROUP   M=IdSASLCollection ACBP=A9
 0002:000036AC 00000004 C=DATA     S=.data    G=DGROUP   M=IdAuthentication ACBP=A9
 0002:000036B0 00000004 C=DATA     S=.data    G=DGROUP   M=IdHTTPHeaderInfo ACBP=A9
 0002:000036B4 00000008 C=DATA     S=.data    G=DGROUP   M=IdURI    ACBP=A9
 0002:000036BC 00000020 C=DATA     S=.data    G=DGROUP   M=IdMultipartFormData ACBP=A9
 0002:000036DC 00000920 C=DATA     S=.data    G=DGROUP   M=IdSSLOpenSSLHeaders ACBP=A9
 0002:00003FFC 00000014 C=DATA     S=.data    G=DGROUP   M=IdSSLOpenSSL ACBP=A9
 0002:00004010 00000110 C=DATA     S=.data    G=DGROUP   M=IdHashMessageDigest ACBP=A9
 0002:00004120 00000018 C=DATA     S=.data    G=DGROUP   M=IdNTLM   ACBP=A9
 0002:00004138 00000005 C=DATA     S=.data    G=DGROUP   M=IdAuthenticationSSPI ACBP=A9
 0002:00004140 00000228 C=DATA     S=.data    G=DGROUP   M=IdHTTP   ACBP=A9
 0002:00005000 00000660 C=BSS      S=.bss     G=DGROUP   M=System   ACBP=A9
 0002:00005660 00000010 C=BSS      S=.bss     G=DGROUP   M=SysInit  ACBP=A9
 0002:00005670 00000004 C=BSS      S=.bss     G=DGROUP   M=Types    ACBP=A9
 0002:00005674 00000004 C=BSS      S=.bss     G=DGROUP   M=Windows  ACBP=A9
 0002:00005678 00000004 C=BSS      S=.bss     G=DGROUP   M=Messages ACBP=A9
 0002:0000567C 00000004 C=BSS      S=.bss     G=DGROUP   M=SysConst ACBP=A9
 0002:00005680 00000120 C=BSS      S=.bss     G=DGROUP   M=SysUtils ACBP=A9
 0002:000057A0 0000005C C=BSS      S=.bss     G=DGROUP   M=VarUtils ACBP=A9
 0002:000057FC 00000040 C=BSS      S=.bss     G=DGROUP   M=Variants ACBP=A9
 0002:0000583C 00000004 C=BSS      S=.bss     G=DGROUP   M=RTLConsts ACBP=A9
 0002:00005840 00000004 C=BSS      S=.bss     G=DGROUP   M=TypInfo  ACBP=A9
 0002:00005844 00000004 C=BSS      S=.bss     G=DGROUP   M=ActiveX  ACBP=A9
 0002:00005848 00000044 C=BSS      S=.bss     G=DGROUP   M=Classes  ACBP=A9
 0002:0000588C 00000004 C=BSS      S=.bss     G=DGROUP   M=Consts   ACBP=A9
 0002:00005890 00000060 C=BSS      S=.bss     G=DGROUP   M=Graphics ACBP=A9
 0002:000058F0 00000004 C=BSS      S=.bss     G=DGROUP   M=Math     ACBP=A9
 0002:000058F4 00000004 C=BSS      S=.bss     G=DGROUP   M=Contnrs  ACBP=A9
 0002:000058F8 00000004 C=BSS      S=.bss     G=DGROUP   M=CommCtrl ACBP=A9
 0002:000058FC 00000031 C=BSS      S=.bss     G=DGROUP   M=MultiMon ACBP=A9
 0002:00005930 00000004 C=BSS      S=.bss     G=DGROUP   M=Imm      ACBP=A9
 0002:00005934 00000008 C=BSS      S=.bss     G=DGROUP   M=HelpIntfs ACBP=A9
 0002:0000593C 00000004 C=BSS      S=.bss     G=DGROUP   M=WinSpool ACBP=A9
 0002:00005940 00000004 C=BSS      S=.bss     G=DGROUP   M=Printers ACBP=A9
 0002:00005944 00000034 C=BSS      S=.bss     G=DGROUP   M=FlatSB   ACBP=A9
 0002:00005978 00000004 C=BSS      S=.bss     G=DGROUP   M=SyncObjs ACBP=A9
 0002:0000597C 000000CC C=BSS      S=.bss     G=DGROUP   M=UxTheme  ACBP=A9
 0002:00005A48 00000004 C=BSS      S=.bss     G=DGROUP   M=RichEdit ACBP=A9
 0002:00005A4C 00000004 C=BSS      S=.bss     G=DGROUP   M=ToolWin  ACBP=A9
 0002:00005A50 00000004 C=BSS      S=.bss     G=DGROUP   M=ShellAPI ACBP=A9
 0002:00005A54 00000004 C=BSS      S=.bss     G=DGROUP   M=RegStr   ACBP=A9
 0002:00005A58 00000004 C=BSS      S=.bss     G=DGROUP   M=WinInet  ACBP=A9
 0002:00005A5C 00000004 C=BSS      S=.bss     G=DGROUP   M=UrlMon   ACBP=A9
 0002:00005A60 00000004 C=BSS      S=.bss     G=DGROUP   M=ShlObj   ACBP=A9
 0002:00005A64 00000004 C=BSS      S=.bss     G=DGROUP   M=CommDlg  ACBP=A9
 0002:00005A68 00000004 C=BSS      S=.bss     G=DGROUP   M=Dlgs     ACBP=A9
 0002:00005A6C 0000000C C=BSS      S=.bss     G=DGROUP   M=Dialogs  ACBP=A9
 0002:00005A78 00000004 C=BSS      S=.bss     G=DGROUP   M=ExtCtrls ACBP=A9
 0002:00005A7C 00000004 C=BSS      S=.bss     G=DGROUP   M=ComStrs  ACBP=A9
 0002:00005A80 0000000C C=BSS      S=.bss     G=DGROUP   M=Clipbrd  ACBP=A9
 0002:00005A8C 00000004 C=BSS      S=.bss     G=DGROUP   M=StrUtils ACBP=A9
 0002:00005A90 00000030 C=BSS      S=.bss     G=DGROUP   M=Buttons  ACBP=A9
 0002:00005AC0 00000004 C=BSS      S=.bss     G=DGROUP   M=ExtDlgs  ACBP=A9
 0002:00005AC4 00000004 C=BSS      S=.bss     G=DGROUP   M=IniFiles ACBP=A9
 0002:00005AC8 00000004 C=BSS      S=.bss     G=DGROUP   M=Registry ACBP=A9
 0002:00005ACC 00000004 C=BSS      S=.bss     G=DGROUP   M=Mapi     ACBP=A9
 0002:00005AD0 00000009 C=BSS      S=.bss     G=DGROUP   M=ExtActns ACBP=A9
 0002:00005ADC 00000004 C=BSS      S=.bss     G=DGROUP   M=ListActns ACBP=A9
 0002:00005AE0 00000010 C=BSS      S=.bss     G=DGROUP   M=ComCtrls ACBP=A9
 0002:00005AF0 00000008 C=BSS      S=.bss     G=DGROUP   M=Themes   ACBP=A9
 0002:00005AF8 00000004 C=BSS      S=.bss     G=DGROUP   M=StdCtrls ACBP=A9
 0002:00005AFC 00000004 C=BSS      S=.bss     G=DGROUP   M=StdActns ACBP=A9
 0002:00005B00 00000014 C=BSS      S=.bss     G=DGROUP   M=WinHelpViewer ACBP=A9
 0002:00005B14 00000080 C=BSS      S=.bss     G=DGROUP   M=Controls ACBP=A9
 0002:00005B94 00000004 C=BSS      S=.bss     G=DGROUP   M=ActnList ACBP=A9
 0002:00005B98 0000000C C=BSS      S=.bss     G=DGROUP   M=ImgList  ACBP=A9
 0002:00005BA4 00000010 C=BSS      S=.bss     G=DGROUP   M=Menus    ACBP=A9
 0002:00005BB4 00000020 C=BSS      S=.bss     G=DGROUP   M=Forms    ACBP=A9
 0002:00005BD4 00000004 C=BSS      S=.bss     G=DGROUP   M=GpStreamWrapper ACBP=A9
 0002:00005BD8 00000004 C=BSS      S=.bss     G=DGROUP   M=GpTextStream ACBP=A9
 0002:00005BDC 00000004 C=BSS      S=.bss     G=DGROUP   M=fs_synmemo ACBP=A9
 0002:00005BE0 00000004 C=BSS      S=.bss     G=DGROUP   M=IdException ACBP=A9
 0002:00005BE4 00000004 C=BSS      S=.bss     G=DGROUP   M=DateUtils ACBP=A9
 0002:00005BE8 00000004 C=BSS      S=.bss     G=DGROUP   M=IdResourceStrings ACBP=A9
 0002:00005BEC 00000004 C=BSS      S=.bss     G=DGROUP   M=IdStreamVCL ACBP=A9
 0002:00005BF0 00000004 C=BSS      S=.bss     G=DGROUP   M=IdStream ACBP=A9
 0002:00005BF4 00000004 C=BSS      S=.bss     G=DGROUP   M=IdGlobal ACBP=A9
 0002:00005BF8 00000004 C=BSS      S=.bss     G=DGROUP   M=IdBaseComponent ACBP=A9
 0002:00005BFC 000000BC C=BSS      S=.bss     G=DGROUP   M=IdWinsock2 ACBP=A9
 0002:00005CB8 00000004 C=BSS      S=.bss     G=DGROUP   M=IdWship6 ACBP=A9
 0002:00005CBC 00000004 C=BSS      S=.bss     G=DGROUP   M=IdStackConsts ACBP=A9
 0002:00005CC0 00000004 C=BSS      S=.bss     G=DGROUP   M=IdIDN    ACBP=A9
 0002:00005CC4 00000004 C=BSS      S=.bss     G=DGROUP   M=IdStackBSDBase ACBP=A9
 0002:00005CC8 00000004 C=BSS      S=.bss     G=DGROUP   M=IdStackWindows ACBP=A9
 0002:00005CCC 00000008 C=BSS      S=.bss     G=DGROUP   M=IdStack  ACBP=A9
 0002:00005CD4 00000004 C=BSS      S=.bss     G=DGROUP   M=IdComponent ACBP=A9
 0002:00005CD8 00000004 C=BSS      S=.bss     G=DGROUP   M=IdExceptionCore ACBP=A9
 0002:00005CDC 00000004 C=BSS      S=.bss     G=DGROUP   M=IdResourceStringsCore ACBP=A9
 0002:00005CE0 00000004 C=BSS      S=.bss     G=DGROUP   M=IdBuffer ACBP=A9
 0002:00005CE4 00000004 C=BSS      S=.bss     G=DGROUP   M=IdIntercept ACBP=A9
 0002:00005CE8 00000004 C=BSS      S=.bss     G=DGROUP   M=IdAntiFreezeBase ACBP=A9
 0002:00005CEC 00000004 C=BSS      S=.bss     G=DGROUP   M=IdIOHandler ACBP=A9
 0002:00005CF0 00000004 C=BSS      S=.bss     G=DGROUP   M=IdSocketHandle ACBP=A9
 0002:00005CF4 00000004 C=BSS      S=.bss     G=DGROUP   M=IdCustomTransparentProxy ACBP=A9
 0002:00005CF8 00000004 C=BSS      S=.bss     G=DGROUP   M=IdAssignedNumbers ACBP=A9
 0002:00005CFC 00000004 C=BSS      S=.bss     G=DGROUP   M=IdIPAddress ACBP=A9
 0002:00005D00 00000004 C=BSS      S=.bss     G=DGROUP   M=IdReply  ACBP=A9
 0002:00005D04 00000004 C=BSS      S=.bss     G=DGROUP   M=IdReplyRFC ACBP=A9
 0002:00005D08 00000004 C=BSS      S=.bss     G=DGROUP   M=IdIOHandlerStack ACBP=A9
 0002:00005D0C 00000004 C=BSS      S=.bss     G=DGROUP   M=IdTCPClient ACBP=A9
 0002:00005D10 00000004 C=BSS      S=.bss     G=DGROUP   M=IdSocks  ACBP=A9
 0002:00005D14 00000004 C=BSS      S=.bss     G=DGROUP   M=IdIOHandlerSocket ACBP=A9
 0002:00005D18 00000004 C=BSS      S=.bss     G=DGROUP   M=IdTCPConnection ACBP=A9
 0002:00005D1C 00000004 C=BSS      S=.bss     G=DGROUP   M=IdYarn   ACBP=A9
 0002:00005D20 00000004 C=BSS      S=.bss     G=DGROUP   M=IdTask   ACBP=A9
 0002:00005D24 00000004 C=BSS      S=.bss     G=DGROUP   M=IdThreadSafe ACBP=A9
 0002:00005D28 00000004 C=BSS      S=.bss     G=DGROUP   M=IdContext ACBP=A9
 0002:00005D2C 00000004 C=BSS      S=.bss     G=DGROUP   M=IdCommandHandlers ACBP=A9
 0002:00005D30 00000004 C=BSS      S=.bss     G=DGROUP   M=IdServerIOHandler ACBP=A9
 0002:00005D34 00000004 C=BSS      S=.bss     G=DGROUP   M=IdServerIOHandlerSocket ACBP=A9
 0002:00005D38 00000004 C=BSS      S=.bss     G=DGROUP   M=IdServerIOHandlerStack ACBP=A9
 0002:00005D3C 00000004 C=BSS      S=.bss     G=DGROUP   M=IdGlobalCore ACBP=A9
 0002:00005D40 00000004 C=BSS      S=.bss     G=DGROUP   M=IdSchedulerOfThreadDefault ACBP=A9
 0002:00005D44 00000004 C=BSS      S=.bss     G=DGROUP   M=IdSchedulerOfThread ACBP=A9
 0002:00005D48 00000004 C=BSS      S=.bss     G=DGROUP   M=IdThread ACBP=A9
 0002:00005D4C 00000004 C=BSS      S=.bss     G=DGROUP   M=IdScheduler ACBP=A9
 0002:00005D50 00000004 C=BSS      S=.bss     G=DGROUP   M=IdCustomTCPServer ACBP=A9
 0002:00005D54 00000004 C=BSS      S=.bss     G=DGROUP   M=IdTCPServer ACBP=A9
 0002:00005D58 00000004 C=BSS      S=.bss     G=DGROUP   M=IdCmdTCPServer ACBP=A9
 0002:00005D5C 00000004 C=BSS      S=.bss     G=DGROUP   M=IdResourceStringsProtocols ACBP=A9
 0002:00005D60 00000008 C=BSS      S=.bss     G=DGROUP   M=IdSSL    ACBP=A9
 0002:00005D68 00000004 C=BSS      S=.bss     G=DGROUP   M=IdExplicitTLSClientServerBase ACBP=A9
 0002:00005D6C 00000004 C=BSS      S=.bss     G=DGROUP   M=IdCharsets ACBP=A9
 0002:00005D70 00000010 C=BSS      S=.bss     G=DGROUP   M=IdGlobalProtocols ACBP=A9
 0002:00005D80 00000004 C=BSS      S=.bss     G=DGROUP   M=IdCoder  ACBP=A9
 0002:00005D84 00000004 C=BSS      S=.bss     G=DGROUP   M=IdCoder3to4 ACBP=A9
 0002:00005D88 00000084 C=BSS      S=.bss     G=DGROUP   M=IdCoderMIME ACBP=A9
 0002:00005E0C 00000004 C=BSS      S=.bss     G=DGROUP   M=IdHeaderList ACBP=A9
 0002:00005E10 00000004 C=BSS      S=.bss     G=DGROUP   M=IdIOHandlerStream ACBP=A9
 0002:00005E14 00000004 C=BSS      S=.bss     G=DGROUP   M=IdEMailAddress ACBP=A9
 0002:00005E18 00000004 C=BSS      S=.bss     G=DGROUP   M=IdHeaderCoderBase ACBP=A9
 0002:00005E1C 00000004 C=BSS      S=.bss     G=DGROUP   M=IdHeaderCoderPlain ACBP=A9
 0002:00005E20 00000004 C=BSS      S=.bss     G=DGROUP   M=IdHeaderCoder2022JP ACBP=A9
 0002:00005E24 00000004 C=BSS      S=.bss     G=DGROUP   M=IdHeaderCoderIndy ACBP=A9
 0002:00005E28 00000004 C=BSS      S=.bss     G=DGROUP   M=IdAllHeaderCoders ACBP=A9
 0002:00005E2C 00000004 C=BSS      S=.bss     G=DGROUP   M=IdCoderHeader ACBP=A9
 0002:00005E30 00000004 C=BSS      S=.bss     G=DGROUP   M=IdTCPStream ACBP=A9
 0002:00005E34 00000004 C=BSS      S=.bss     G=DGROUP   M=IdMessageCoder ACBP=A9
 0002:00005E38 00000004 C=BSS      S=.bss     G=DGROUP   M=IdCoderQuotedPrintable ACBP=A9
 0002:00005E3C 00000084 C=BSS      S=.bss     G=DGROUP   M=IdCoderBinHex4 ACBP=A9
 0002:00005EC0 00000004 C=BSS      S=.bss     G=DGROUP   M=IdMessageCoderMIME ACBP=A9
 0002:00005EC4 00000004 C=BSS      S=.bss     G=DGROUP   M=IdMessageCoderBinHex4 ACBP=A9
 0002:00005EC8 00000004 C=BSS      S=.bss     G=DGROUP   M=IdMessageCoderQuotedPrintable ACBP=A9
 0002:00005ECC 00000004 C=BSS      S=.bss     G=DGROUP   M=IdCoder00E ACBP=A9
 0002:00005ED0 00000084 C=BSS      S=.bss     G=DGROUP   M=IdCoderUUE ACBP=A9
 0002:00005F54 00000084 C=BSS      S=.bss     G=DGROUP   M=IdCoderXXE ACBP=A9
 0002:00005FD8 00000004 C=BSS      S=.bss     G=DGROUP   M=IdMessageCoderUUE ACBP=A9
 0002:00005FDC 00000004 C=BSS      S=.bss     G=DGROUP   M=IdMessageCoderXXE ACBP=A9
 0002:00005FE0 00000004 C=BSS      S=.bss     G=DGROUP   M=IdAttachmentFile ACBP=A9
 0002:00005FE4 00000004 C=BSS      S=.bss     G=DGROUP   M=IdText   ACBP=A9
 0002:00005FE8 00000004 C=BSS      S=.bss     G=DGROUP   M=IdMessageParts ACBP=A9
 0002:00005FEC 00000004 C=BSS      S=.bss     G=DGROUP   M=IdAttachment ACBP=A9
 0002:00005FF0 00000004 C=BSS      S=.bss     G=DGROUP   M=IdMessage ACBP=A9
 0002:00005FF4 00000004 C=BSS      S=.bss     G=DGROUP   M=IdMessageClient ACBP=A9
 0002:00005FF8 00000004 C=BSS      S=.bss     G=DGROUP   M=IdReplySMTP ACBP=A9
 0002:00005FFC 00000004 C=BSS      S=.bss     G=DGROUP   M=IdSMTPBase ACBP=A9
 0002:00006000 00000008 C=BSS      S=.bss     G=DGROUP   M=IdSASL   ACBP=A9
 0002:00006008 00000004 C=BSS      S=.bss     G=DGROUP   M=IdSASLCollection ACBP=A9
 0002:0000600C 00000004 C=BSS      S=.bss     G=DGROUP   M=IdSMTP   ACBP=A9
 0002:00006010 00000004 C=BSS      S=.bss     G=DGROUP   M=IdAuthentication ACBP=A9
 0002:00006014 00000004 C=BSS      S=.bss     G=DGROUP   M=IdHTTPHeaderInfo ACBP=A9
 0002:00006018 00000004 C=BSS      S=.bss     G=DGROUP   M=IdZLibCompressorBase ACBP=A9
 0002:0000601C 00000004 C=BSS      S=.bss     G=DGROUP   M=IdResourceStringsUriUtils ACBP=A9
 0002:00006020 00000004 C=BSS      S=.bss     G=DGROUP   M=IdUriUtils ACBP=A9
 0002:00006024 00000004 C=BSS      S=.bss     G=DGROUP   M=IdURI    ACBP=A9
 0002:00006028 00000004 C=BSS      S=.bss     G=DGROUP   M=IdCookie ACBP=A9
 0002:0000602C 00000004 C=BSS      S=.bss     G=DGROUP   M=IdCookieManager ACBP=A9
 0002:00006030 00000004 C=BSS      S=.bss     G=DGROUP   M=IdAuthenticationManager ACBP=A9
 0002:00006034 00000004 C=BSS      S=.bss     G=DGROUP   M=IdMultipartFormData ACBP=A9
 0002:00006038 00000004 C=BSS      S=.bss     G=DGROUP   M=IdResourceStringsOpenSSL ACBP=A9
 0002:0000603C 00000004 C=BSS      S=.bss     G=DGROUP   M=IdCTypes ACBP=A9
 0002:00006040 00000094 C=BSS      S=.bss     G=DGROUP   M=IdFIPS   ACBP=A9
 0002:000060D4 00000018 C=BSS      S=.bss     G=DGROUP   M=IdSSLOpenSSLHeaders ACBP=A9
 0002:000060EC 00000004 C=BSS      S=.bss     G=DGROUP   M=IdSSLOpenSSL ACBP=A9
 0002:000060F0 00000004 C=BSS      S=.bss     G=DGROUP   M=IdStruct ACBP=A9
 0002:000060F4 00000004 C=BSS      S=.bss     G=DGROUP   M=IdHash   ACBP=A9
 0002:000060F8 00000004 C=BSS      S=.bss     G=DGROUP   M=IdHashMessageDigest ACBP=A9
 0002:000060FC 00000004 C=BSS      S=.bss     G=DGROUP   M=IdNTLM   ACBP=A9
 0002:00006100 00000004 C=BSS      S=.bss     G=DGROUP   M=IdAuthenticationNTLM ACBP=A9
 0002:00006104 00000004 C=BSS      S=.bss     G=DGROUP   M=IdSSPI   ACBP=A9
 0002:00006108 00000004 C=BSS      S=.bss     G=DGROUP   M=IdResourceStringsSSPI ACBP=A9
 0002:0000610C 00000004 C=BSS      S=.bss     G=DGROUP   M=IdAuthenticationSSPI ACBP=A9
 0002:00006110 00000004 C=BSS      S=.bss     G=DGROUP   M=IdAuthenticationDigest ACBP=A9
 0002:00006114 00000004 C=BSS      S=.bss     G=DGROUP   M=IdAllAuthentications ACBP=A9
 0002:00006118 00000004 C=BSS      S=.bss     G=DGROUP   M=IdHTTP   ACBP=A9
 0002:0000611C 00000004 C=BSS      S=.bss     G=DGROUP   M=uLkJSON  ACBP=A9
 0002:00006120 00000004 C=BSS      S=.bss     G=DGROUP   M=usendgrid ACBP=A9
 0002:00006124 00000008 C=BSS      S=.bss     G=DGROUP   M=Unit1    ACBP=A9


  Address         Publics by Name

 0002:00005A50       .1
 0002:00005CBC       .1
 0002:00005A48       .1
 0002:00005668       .1
 0002:00005CC0       .1
 0002:00005A38       .1
 0002:00006114       .1
 0002:0000583C       .1
 0002:00005A54       .1
 0002:00005A58       .1
 0002:00005A5C       .1
 0002:00005670       .1
 0002:00005BF0       .1
 0002:0000567C       .1
 0002:00005678       .1
 0002:00005964       .1
 0002:0000603C       .1
 0002:00006038       .1
 0002:00005ACC       .1
 0002:00005BE8       .1
 0002:00005BE4       .1
 0002:000060FC       .1
 0002:00005A60       .1
 0002:00005CB8       .1
 0002:00005CF8       .1
 0002:00005930       .1
 0002:0000601C       .1
 0002:0000591C       .1
 0002:000058F8       .1
 0002:00005A64       .1
 0002:00005D3C       .1
 0002:00005A68       .1
 0002:00005D5C       .1
 0002:00005B08       .1
 0002:00005CDC       .1
 0002:00006104       .1
 0002:00005E28       .1
 0002:00005E2C       .1
 0002:0000588C       .1
 0002:00005A7C       .1
 0002:00005A8C       .1
 0002:00006108       .1
 0002:00005BE0       .11
 0002:00005A6C       .11
 0002:00005A78       .12
 0002:00005894       .12
 0002:00005CE8       .2
 0002:00005A84       .2
 0002:00005BEC       .2
 0002:000060D0       .2
 0002:0000602C       .2
 0002:00005CB4       .2
 0002:00005CFC       .2
 0002:00005934       .2
 0002:00005D08       .2
 0002:00006018       .2
 0002:00005E30       .2
 0002:00005FFC       .2
 0002:00006128       .2
 0002:00005E24       .2
 0002:00005E20       .2
 0002:00005E1C       .2
 0002:00006004       .2
 0002:00005BD4       .2
 0002:00005D14       .2
 0002:00005E10       .2
 0002:00005D18       .2
 0002:00005E0C       .2
 0002:00005D1C       .2
 0002:000058F0       .2
 0002:00005D20       .2
 0002:0000600C       .2
 0002:00005D28       .2
 0002:00005D6C       .2
 0002:00005D30       .2
 0002:00005D34       .2
 0002:00005D38       .2
 0002:00005D58       .2
 0002:00006100       .2
 0002:00005D40       .2
 0002:00005D4C       .2
 0002:00006120       .2
 0002:00005FE0       .2
 0002:00005FE4       .2
 0002:00005AF0       .2
 0002:00005FEC       .2
 0002:00005D68       .21
 0002:00005D24       .21
 0002:000058F4       .21
 0002:00005FDC       .3
 0002:00005CD4       .3
 0002:00006110       .3
 0002:00005844       .3
 0002:00005D80       .3
 0002:00005D84       .3
 0002:00005FD4       .3
 0002:00005AC0       .3
 0002:00005F50       .3
 0002:00005E18       .3
 0002:00005B98       .3
 0002:00005D10       .3
 0002:00005ECC       .3
 0002:00005940       .3
 0002:00005D0C       .3
 0002:00005E38       .3
 0002:00005674       .3
 0002:00005EC8       .3
 0002:0000593C       .3
 0002:00006024       .3
 0002:00005FF4       .3
 0002:00005EC4       .3
 0002:00005CF0       .3
 0002:00005D54       .3
 0002:00005BF8       .3
 0002:00005D44       .3
 0002:0000611C       .31
 0002:00005CD0       .31
 0002:00005790       .35
 0002:00005CD8       .36
 0002:00005AE0       .36
 0002:00005CC8       .4
 0002:00005A4C       .4
 0002:00005A90       .4
 0002:00006030       .4
 0002:00005E14       .4
 0002:00005E08       .4
 0002:00005D2C       .4
 0002:00006010       .4
 0002:00005CE4       .4
 0002:00005FE8       .4
 0002:00005CE0       .4
 0002:00005BDC       .4
 0002:00005D04       .4
 0002:00005D00       .4
 0002:00005CF4       .4
 0002:000060F0       .4
 0002:0000610C       .41
 0002:00005BBC       .41
 0002:00005AF8       .42
 0002:00005854       .45
 0002:00005AC8       .5
 0002:00006028       .5
 0002:00005CEC       .5
 0002:000055B8       .5
 0002:000060F8       .5
 0002:000057F8       .5
 0002:00005BD8       .5
 0002:00005EBC       .5
 0002:00005D64       .5
 0002:00005CC4       .5
 0002:00005978       .6
 0002:00005FF0       .6
 0002:00005840       .6
 0002:00005EC0       .6
 0002:00005FD8       .6
 0002:000060F4       .6
 0002:00005D48       .6
 0002:00006020       .6
 0002:00005E34       .7
 0002:00006008       .7
 0002:00005D50       .7
 0002:00005BF4       .71
 0002:00005AD0       .72
 0002:000060EC       .72
 0002:00005B1C       .72
 0002:00005AFC       .73
 0002:00005AC4       .8
 0002:00006014       .8
 0002:00005ADC       .8
 0002:00005B94       .8
 0002:00005FF8       .8
 0002:00006118       .8
 0002:00005D78       .8
 0002:00006034       .8
 0002:0000581C       .81
 0002:000060E4       .9
 0002:00005BAC       .9
 0001:00001D60       @AbstractError
 0001:000028CC       @AfterConstruction
 0001:00002710       @AsClass
 0001:000032E4       @Assert
 0001:00001EC8       @AStrCmp
 0001:000028DC       @BeforeDestruction
 0001:00002488       @BoundErr
 0001:0000275C       @CallDynaInst
 0001:00002874       @ClassCreate
 0001:000028C4       @ClassDestroy
 0001:00001DD0       @Close
 0001:00001C48       @Copy
 0001:000040D4       @CopyArray
 0001:00003FB8       @CopyRecord
 0001:000041EC       @DispCallByIDError
 0001:0000F4A4       @DispInvokeError
 0001:000041DC       @Dispose
 0001:00002D58       @DoneExcept
 0001:000047DC       @DynArrayAsg
 0001:000047A0       @DynArrayClear
 0001:000046A0       @DynArrayCopyRange
 0001:000044C0       @DynArrayHigh
 0001:000044B8       @DynArrayLength
 0001:00004694       @DynArraySetLength
 0001:00002E40       @ExceptionHandler
 0001:00001F38       @FillChar
 0001:00003F94       @Finalize
 0001:00003EA8       @FinalizeArray
 0001:00003E5C       @FinalizeRecord
 0001:0000247C       @FpuInit
 0001:000023B8       @FpuMaskInit
 0001:00001ABC       @FreeMem
 0001:00001A8C       @GetMem
 0001:00005624       @GetTls
 0001:000032CC       @Halt
 0001:000031EC       @Halt0
 0001:000029F0       @HandleAnyException
 0001:00002CA4       @HandleFinally
 0001:00002B1C       @HandleOnException
 0001:00005670       @InitExe
 0001:00003E50       @Initialize
 0001:00003DBC       @InitializeArray
 0001:00003D8C       @InitializeRecord
 0001:00003094       @InitImports
 0001:0000306C       @InitResStringImports
 0001:00003048       @InitResStrings
 0001:000030B8       @InitWideStrings
 0001:00001D10       @INT
 0001:00004F68       @IntfAddRef
 0001:00004F38       @IntfCast
 0001:00004EF4       @IntfClear
 0001:00004F0C       @IntfCopy
 0001:00002490       @IntOver
 0001:000026EC       @IsClass
 0001:00002388       @isNECWindows
 0001:00003838       @LStrAddRef
 0001:000033AC       @LStrArrayClr
 0001:000033DC       @LStrAsg
 0001:00003650       @LStrCat
 0001:00003694       @LStrCat3
 0001:00003708       @LStrCatN
 0001:00003388       @LStrClr
 0001:00003794       @LStrCmp
 0001:000038A8       @LStrCopy
 0001:000038E8       @LStrDelete
 0001:000035F8       @LStrFromArray
 0001:00003570       @LStrFromChar
 0001:00003580       @LStrFromPChar
 0001:00003478       @LStrFromPCharLen
 0001:000035B0       @LStrFromPWChar
 0001:000034E4       @LStrFromPWCharLen
 0001:000035EC       @LStrFromString
 0001:00003610       @LStrFromWStr
 0001:00003930       @LStrInsert
 0001:00003420       @LStrLAsg
 0001:00003648       @LStrLen
 0001:00003A38       @LStrOfChar
 0001:0000398C       @LStrPos
 0001:000039D4       @LStrSetLength
 0001:00003848       @LStrToPChar
 0001:00003624       @LStrToString
 0001:000041C8       @New
 0001:0000344C       @NewAnsiString
 0001:00003A6C       @NewWideString
 0001:0000209C       @Pow10
 0001:00001E44       @PStrCmp
 0001:00001E28       @PStrNCpy
 0001:00002D04       @RaiseAgain
 0001:00002CDC       @RaiseExcept
 0001:00001ADC       @ReallocMem
 0001:00001D30       @ROUND
 0001:000032D8       @RunError
 0001:0000205C       @SetElem
 0001:00002080       @SetEq
 0001:00003008       @StartExe
 0001:00000300       @strlen
 0001:00001D3C       @TRUNC
 0001:00002D88       @TryFinallyExit
 0001:000038A0       @UniqueStringA
 0001:00004294       @ValInt64
 0001:00001F58       @ValLong
 0001:00013C10       @VarAddRef
 0001:0000FD98       @VarCast
 0001:0000F790       @VarClear
 0001:0000F7A4       @VarClr
 0001:00003E90       @VarClr
 0001:00003FA0       @VarCopy
 0001:0000FACC       @VarCopy
 0001:00013AF0       @VarFromBool
 0001:0001397C       @VarFromByte
 0001:00013B40       @VarFromCurr
 0001:00013A98       @VarFromCurrency
 0001:00013AC4       @VarFromDate
 0001:00013BE4       @VarFromDisp
 0001:00013A6C       @VarFromDouble
 0001:00013920       @VarFromInt
 0001:00013A1C       @VarFromInt64
 0001:0001395C       @VarFromInteger
 0001:00013BB8       @VarFromIntf
 0001:000139BC       @VarFromLongWord
 0001:00013B54       @VarFromLStr
 0001:00013B18       @VarFromReal
 0001:000139DC       @VarFromShortInt
 0001:00013A48       @VarFromSingle
 0001:000139FC       @VarFromSmallInt
 0001:00013B2C       @VarFromTDateTime
 0001:0001399C       @VarFromWord
 0001:00013B80       @VarFromWStr
 0001:0000F4F8       @VarNull
 0001:00011564       @VarToBool
 0001:0001121C       @VarToBoolean
 0001:0001065C       @VarToByte
 0001:00012408       @VarToCurrency
 0001:00011EA0       @VarToDate
 0001:00013874       @VarToDisp
 0001:00011730       @VarToDouble
 0001:00010C20       @VarToInt64
 0001:0001015C       @VarToInteger
 0001:000137A8       @VarToIntf
 0001:000108D4       @VarToLongWord
 0001:00012ABC       @VarToLStr
 0001:00011AAC       @VarToReal
 0001:000105AC       @VarToShortInt
 0001:00011AC8       @VarToSingle
 0001:00010704       @VarToSmallInt
 0001:000107FC       @VarToWord
 0001:000131DC       @VarToWStr
 0001:00003D6C       @WStrAddRef
 0001:00003AAC       @WStrArrayClr
 0001:00003AD0       @WStrAsg
 0001:00003C0C       @WStrCatN
 0001:00003A94       @WStrClr
 0001:00003C54       @WStrCmp
 0001:00003CD8       @WStrCopy
 0001:00003BE0       @WStrFromLStr
 0001:00003AF4       @WStrFromPCharLen
 0001:00003BA4       @WStrFromPWChar
 0001:00003B80       @WStrFromPWCharLen
 0001:00003C00       @WStrLen
 0001:00003D24       @WStrSetLength
 0001:00003BF0       @WStrToPWChar
 0001:00002038       @_CLenToPasStr
 0001:0000202C       @_CToPasStr
 0001:00001C18       @_IOTest
 0001:00004218       @_lldiv
 0001:000041F4       @_llmul
 0001:0000BCDC       Abort
 0001:00033388       AbsMin
 0001:0000C0E8       AbstractErrorHandler
 0002:00005028       AbstractErrorProc
 0002:00000F40       accept
 0002:000010F0       AcceptEx
 0002:00000140       AccessMode
 0001:00001B78       AcquireExceptionObject
 0001:00017680       ActivateClassGroup
 0001:00005C88       ActivateKeyboardLayout
 0002:00005B50       ActiveDrag
 0001:00014FF0       ActiveX
 0001:00042460       ActnList
 0001:00000460       AddBlockAfter
 0001:00056C44       AddByte
 0001:0008C004       AddCookieFlag
 0001:0008BFA8       AddCookieProperty
 0002:000003B4       AddDataModule
 0001:00007508       AddExitProc
 0001:0001B5FC       AddFinished
 0001:000457A4       AddIn
 0001:00004D4C       AddModuleUnloadProc
 0001:00004D5C       AddModuleUnloadProc
 0001:0001B634       AddNotFinished
 0001:0001C058       AddSubComponentsToLoaded
 0001:0001E46C       AddThread
 0001:0002376C       AdjustColor
 0001:0000791C       AdjustLineBreaks
 0001:0004C848       Adjustment
 0001:0006BB34       AdjustStreamSize
 0001:00005C90       AdjustWindowRectEx
 0002:00000CD0       Alignments
 0002:00000CC0       Alignments
 0002:00000A68       Alignments
 0001:0005378C       AlignWork
 0001:000389B4       AlignWork
 0001:0001FC54       AllocateHWnd
 0001:0002AE7C       AllocFilterStr
 0001:000074AC       AllocMem
 0002:000055B0       AllocMemCount
 0002:000055B4       AllocMemSize
 0001:000271DC       AllocPatternBitmap
 0001:000055CC       AllocTlsBuffer
 0002:00000AAC       AnchorAlign
 0002:00000AA0       AnimateWindowProc
 0002:00000BA8       AnimationStyle
 0001:000076A8       AnsiCompareStr
 0001:000076E0       AnsiCompareText
 0001:00007808       AnsiExtractQuotedStr
 0001:00008104       AnsiLastChar
 0001:00005C98       AnsiLower
 0001:0000CAB8       AnsiPos
 0001:0004A02C       AnsiSameCaption
 0001:00007718       AnsiSameText
 0001:00007730       AnsiStrLIComp
 0001:0000CAF4       AnsiStrPos
 0001:0000CBB4       AnsiStrRScan
 0001:0000CBFC       AnsiStrScan
 0001:00005368       AnsiToUtf8
 0001:00013730       AnyToIntf
 0001:0005D858       AppendByte
 0001:0005D7F8       AppendBytes
 0001:00009E60       AppendChars
 0001:0000A22C       AppendFormat
 0001:00009EC4       AppendNumber
 0001:00009EA4       AppendString
 0002:00005BB4       Application
 0002:000003C4       ApplicationHandleException
 0002:000003CC       ApplicationShowException
 0002:00000DFC       AppVisible
 0002:00003980       ASN1_dup
 0002:00003970       ASN1_INTEGER_get
 0002:0000396C       ASN1_INTEGER_set
 0002:00003974       ASN1_INTEGER_to_BN
 0002:0000397C       ASN1_STRING_free
 0002:00003978       ASN1_STRING_type_new
 0001:0000C0CC       AssertErrorHandler
 0002:00005020       AssertErrorProc
 0001:00014A88       AssignLongStr
 0001:00014E2C       AssignVariant
 0002:000036AC       AuthList
 0002:00005608       avail
 0001:000811C0       B64
 0001:00008248       BackfillGetDiskFreeSpaceEx
 0001:00035F1C       BackgroundClipped
 0001:0000E414       BackupVarBoolFromStr
 0001:0000E574       BackupVarBStrFromBool
 0001:0000E494       BackupVarBStrFromCy
 0001:0000E504       BackupVarBStrFromDate
 0001:0000E3A8       BackupVarCyFromStr
 0001:0000E33C       BackupVarDateFromStr
 0001:0000E1F8       BackupVarI4FromStr
 0001:0000E1A4       BackupVariantChangeTypeEx
 0001:0000E264       BackupVarR4FromStr
 0001:0000E2D0       BackupVarR8FromStr
 0002:0000360C       base64_tbl
 0001:000179D8       BeginGlobalLoading
 0001:00005CA0       BeginPaint
 0001:0000333C       BeginThread
 0001:00023778       BetterSize
 0001:00046638       BiDiDraw
 0002:00000F44       bind
 0002:00003780       BIO_ctrl
 0002:00003768       BIO_free
 0002:0000376C       BIO_free_all
 0002:000038DC       BIO_f_base64
 0002:000038E0       BIO_f_cipher
 0002:000038D8       BIO_f_md
 0002:000038E4       BIO_f_reliable
 0002:0000377C       BIO_get_ex_data
 0002:00003788       BIO_int_ctrl
 0002:00003754       BIO_new
 0002:0000378C       BIO_new_file
 0002:00003758       BIO_new_mem_buf
 0002:00003760       BIO_pop
 0002:00003784       BIO_ptr_ctrl
 0002:0000375C       BIO_push
 0002:00003790       BIO_puts
 0002:00003794       BIO_read
 0002:000038E8       BIO_set_cipher
 0002:00003778       BIO_set_ex_data
 0002:00003750       BIO_set_flags
 0002:00003764       BIO_set_next
 0002:00003774       BIO_s_file
 0002:00003770       BIO_s_mem
 0002:00003798       BIO_write
 0001:00005AD8       BitBlt
 0002:0000096C       BitBtnCaptions
 0002:00005A94       BitBtnGlyphs
 0002:000006D0       BitmapCanvasList
 0002:000058AC       BitmapImageLock
 0001:0000E1E0       BiUnimplemented
 0002:000003EC       BlockCode
 0002:000055E0       blockDescBlockList
 0002:000055E4       blockDescFreeList
 0002:000037A8       BN_bn2dec
 0002:000037AC       BN_bn2hex
 0002:000037A4       BN_free
 0002:0000379C       BN_hex2bn
 0002:000037A0       BN_new
 0002:000037B0       BN_set_word
 0002:000003A8       BooleanIdents
 0002:00000324       BooleanToStringRule
 0001:00007F24       BoolToStr
 0001:00012844       BoolToWStrViaOS
 0002:00000A30       BorderStyles
 0001:00005710       Bounds
 0001:00016998       Bounds
 0002:00000C68       Breaks
 0002:000058E4       BrushManager
 0001:000A2CAC       BufferToUInt32
 0001:00048E0C       BuildImage
 0001:0009DD84       BuildType1Message
 0001:0009DF2C       BuildType3Message
 0001:0009DC20       BuildUnicode
 0002:000007C8       ButtonCaptions
 0002:0000079C       ButtonNames
 0001:0002BFFC       Buttons
 0002:00000CE4       Buttons
 0002:00000A98       ButtonStyles
 0001:0005DC84       ByteIdxInSet
 0001:0005DC50       ByteIndex
 0001:0005DCFC       ByteIsInEOL
 0001:0005DCE0       ByteIsInSet
 0001:00022F44       BytesPerScanline
 0001:0005D160       BytesToIPv4Str
 0001:0005D284       BytesToIPv6
 0001:0005D554       BytesToRaw
 0001:0005D38C       BytesToString
 0001:0005D400       BytesToString
 0001:0005D518       BytesToStringRaw
 0001:0005D500       BytesToStringRaw
 0001:0005D0E0       BytesToUInt16
 0001:0005D310       BytesToUInt32
 0001:0005D04C       BytesToUInt64
 0001:000232A8       ByteSwapColors
 0001:0000C7A4       ByteToCharIndex
 0001:0000C77C       ByteToCharLen
 0001:0005ABA8       ByteToHex
 0001:0000C740       ByteType
 0001:0000C6C8       ByteTypeTest
 0002:00005B9C       CachedComCtrlVer
 0001:0001FB90       CalcJmpOffset
 0001:000404E8       CalcSplitterPos
 0001:0009DA38       calc_resp
 0002:0000400C       CallbackLockList
 0001:00005CA8       CallNextHookEx
 0002:000036BC       cAllowedContentTransfers
 0002:000036D0       cAllowedHeaderEncodings
 0001:0000D638       CallTerminateProcs
 0001:00005CB0       CallWindowProc
 0001:000343C0       CancelDrag
 0001:0008BE04       CanonicalizeHostName
 0002:000058E8       CanvasList
 0002:00005B64       CanvasList
 0002:00000788       Captions
 0002:00000B64       CaptureControl
 0002:00000C08       cBooleanToItemAutoFlag
 0001:0002A78C       CenterWindow
 0002:00005A82       CF_COMPONENT
 0002:00005A80       CF_PICTURE
 0002:00005814       ChangeAnyProc
 0002:00000A48       CharCases
 0001:0005DBF4       CharEquals
 0001:000034A8       CharFromWChar
 0001:0005DBD4       CharIsInSet
 0001:0000C988       CharLength
 0001:00000270       CharNext
 0001:00005CB8       CharNext
 0001:0005DB58       CharPosInSet
 0001:00079870       CharRange
 0001:00079438       CharsetToCodePage
 0001:0007DE30       CharsetToEncoding
 0001:000218C8       CharsetToIdent
 0001:0000C890       CharToByteIndex
 0001:0000C8F4       CharToByteLen
 0001:00082A70       CharToHex
 0001:00005CC0       CharToOemA
 0001:00023D34       CheckBool
 0001:00058CC0       CheckByteEncoding
 0001:000A5BD4       CheckException
 0001:000A3210       CheckForPendingData
 0001:0006BB7C       CheckInputBufferForData
 0001:0006D3A4       CheckIsReadable
 0001:0000296C       CheckJmp
 0001:0008DF34       CheckMD4Permitted
 0001:0008DF58       CheckMD5Permitted
 0001:00005CC8       CheckMenuItem
 0002:00000C58       Checks
 0001:0001C094       CheckSubComponents
 0001:0001E484       CheckSynchronize
 0001:0004C284       CheckTaskWindow
 0001:00034074       CheckUndock
 0001:0000C5BC       CheckWin32Version
 0001:000A3420       ChunkSize
 0002:00003694       cImportanceStrs
 0002:00000328       CInvalidCustomVariantType
 0002:00000C0C       cItemAutoFlagToBoolean
 0002:00000C04       cItemAutoFlagToMenu
 0001:0001FDE0       Classes
 0001:00017444       ClassNotFound
 0001:00096C8C       CleanupRandom
 0002:00005810       ClearAnyProc
 0001:00021148       ClearColor
 0001:000140DC       ClearVariantTypeList
 0001:00005CD0       ClientToScreen
 0001:0003DAD0       ClientToWindow
 0002:000006C8       ClipboardFormats
 0001:0002BE34       Clipbrd
 0001:00005848       CloseHandle
 0001:00062A48       CloseIDNLibrary
 0001:0006189C       CloseLibrary
 0002:00000F48       closesocket
 0002:00005980       CloseThemeData
 0002:0000503C       CmdLine
 0002:00005038       CmdShow
 0002:00000C00       cMenuAutoFlagToItem
 0001:0000E1EC       CmpUnimplemented
 0002:00000448       Colors
 0001:000216C0       ColorToIdent
 0002:000007F4       ColorToPretyName
 0001:000216B0       ColorToRGB
 0002:00005AEC       ComCtlVersion
 0001:0002C3A0       ComCtrls
 0002:00005BB0       CommandPool
 0001:000277D0       CommCtrl
 0001:0002A080       CommDlg
 0001:000007E0       Commit
 0002:00005624       committedRoot
 0001:00044D88       CompareFront
 0001:00007610       CompareMem
 0001:000075E0       CompareStr
 0001:00005850       CompareString
 0001:00007630       CompareText
 0001:00007E4C       CompareWith
 0001:0001C174       ComponentCreated
 0001:0002BDF0       ComStrs
 0002:00000F4C       connect
 0002:000010FC       ConnectEx
 0001:00020104       Consts
 0001:000276DC       Contnrs
 0002:00005B22       ControlAtom
 0002:00005B28       ControlAtomString
 0001:00051030       ControlHasHelp
 0001:00041168       Controls
 0001:0000BA6C       ConvertAddr
 0001:00009FB8       ConvertEraString
 0001:00007470       ConvertError
 0001:00007488       ConvertErrorFmt
 0002:000011C4       ConvertLengthToIpv4Mask
 0001:0000A124       ConvertYearString
 0001:0007C22C       CookieStrToLocalDateTime
 0001:000044C8       CopyArray
 0001:0002480C       CopyBitmap
 0001:00024ED4       CopyBitmapAsMask
 0001:00024E70       CopyPalette
 0002:000009CC       Copyright
 0001:0005AD40       CopyTIdBytes
 0001:0005ADF8       CopyTIdUInt16
 0001:0005AE00       CopyTIdUInt32
 0001:00047EB8       CopyToBest
 0001:0000C800       CountChars
 0002:000058C4       CounterLock
 0002:00003680       cPriorityStrs
 0002:00004128       cProtocolStr
 0002:0000032C       CRangeToType
 0001:0000C010       CreateAssertException
 0001:0000C198       CreateAVObject
 0001:00005AE0       CreateBitmap
 0001:00005AE8       CreateBrushIndirect
 0001:00005AF0       CreateCompatibleBitmap
 0001:00005AF8       CreateCompatibleDC
 0001:0001C1F4       CreateComponent
 0001:00005B08       CreateDIBitmap
 0001:00005B00       CreateDIBSection
 0001:00005858       CreateEvent
 0001:00005860       CreateFile
 0001:00005B10       CreateFontIndirect
 0001:00005B18       CreateHalftonePalette
 0001:00005CD8       CreateIcon
 0001:0000BF3C       CreateInOutError
 0001:00005CE0       CreateMenu
 0001:0009DC78       CreateNTPassword
 0001:00005B20       CreatePalette
 0001:00005B28       CreatePenIndirect
 0001:00005CE8       CreatePopupMenu
 0001:00005B30       CreateSolidBrush
 0001:00023300       CreateSystemPalette
 0001:00005868       CreateThread
 0001:00000278       CreateThread
 0001:0000628C       CreateWindow
 0001:00006234       CreateWindowEx
 0002:00000724       CreationControl
 0002:00000AA4       CreationControl
 0002:00000394       CRelationshipToBoolean
 0002:00000310       CResult
 0002:00003F90       CRYPTO_cleanup_all_ex_data
 0002:00003700       CRYPTO_free
 0002:000036FC       CRYPTO_malloc
 0002:00003708       CRYPTO_mem_ctrl
 0002:00003704       CRYPTO_mem_leaks
 0002:00003F00       CRYPTO_set_locking_callback
 0002:0000370C       CRYPTO_set_mem_debug_functions
 0002:000036F8       CRYPTO_set_mem_functions
 0002:00003608       csAddressSpecials
 0002:00000138       cSimpleBoolStrs
 0002:00000340       CText
 0002:00002A90       cTimeZones
 0002:00000BA0       Ctl3DStyles
 0002:00000E04       CUnicode32Normal
 0002:00000E08       CUnicode32Reversed
 0002:00000E0C       CUnicodeNormal
 0002:00000E10       CUnicodeReversed
 0002:0000561C       curAlloc
 0002:00005688       CurrencyDecimals
 0002:00005684       CurrencyFormat
 0002:00005680       CurrencyString
 0001:00009E4C       CurrentYear
 0001:000098DC       CurrToStr
 0001:000127D4       CurrToWStrViaOS
 0002:00000D80       CursorMap
 0002:00000AB4       Cursors
 0001:00032C60       CursorToIdent
 0002:00000D70       cUseAlpha
 0002:00000D78       cUseColorKey
 0002:00000E14       CUTF8BOM12
 0002:00000E18       CUTF8BOM3
 0001:00007B28       CvtInt
 0001:00007B94       CvtInt64
 0002:00000178       CWNear
 0002:00003D6C       d2i_AutoPrivateKey
 0002:000039D0       d2i_DHparams
 0002:000039D8       d2i_DSAparams
 0002:000039B8       d2i_DSAPrivateKey
 0002:000039E0       d2i_NETSCAPE_CERT_SEQUENCE
 0002:000039FC       d2i_PKCS12_bio
 0002:000039C8       d2i_PKCS7
 0002:000039C0       d2i_PrivateKey
 0002:00003ED8       d2i_PrivateKey_bio
 0002:000039E8       d2i_PUBKEY
 0002:00003D64       d2i_PublicKey
 0002:000039A8       d2i_RSAPrivateKey
 0002:000039B0       d2i_RSAPublicKey
 0002:00003988       d2i_X509
 0002:000039EC       d2i_X509_bio
 0002:000039A0       d2i_X509_CRL
 0002:00003990       d2i_X509_NAME
 0002:00003998       d2i_X509_REQ
 0002:00005689       DateSeparator
 0001:0005C884       DateTimeGMTToCookieStr
 0001:0005C76C       DateTimeGMTToHttpStr
 0001:0000AA60       DateTimeToStr
 0001:0000AA04       DateTimeToString
 0001:000099D8       DateTimeToTimeStamp
 0001:0001280C       DateToWStrViaOS
 0001:000583D8       DateUtils
 0001:00009DD4       DayOfWeek
 0002:00000174       DCon10
 0002:00000444       DDBsOnly
 0001:0001FD08       DeallocateHWnd
 0002:00000028       DebugHook
 0002:00005687       DecimalSeparator
 0001:00009DB4       DecodeDate
 0001:00009C64       DecodeDateFully
 0002:0000365C       DecodeFilenamePathDelimiterAction
 0001:00081604       DecodeHeader
 0001:00080728       DecodeHeaderData
 0001:00009ACC       DecodeTime
 0001:000008A0       Decommit
 0001:00000FCC       DecommitFree
 0002:000055F8       decommittedRoot
 0001:0004ECB0       Default
 0001:000543C8       Default
 0002:00000020       Default8087CW
 0002:00000AA8       DefaultDockTreeClass
 0002:000055BC       DefaultUserCodePage
 0002:00000698       DefBrushData
 0001:0008E008       DefFinalHashInst
 0001:0008E03C       DefFinalHMACInst
 0002:00000418       DefFontData
 0001:00005CF0       DefFrameProc
 0001:0008DFE8       DefGetFIPSMode
 0001:0008DFF8       DefGetHashInst
 0001:0008E02C       DefGetHMACInst
 0001:0008DFF0       DefIsHashingIntfAvail
 0001:0008DFF4       DefIsHashIntfAvail
 0001:0008E024       DefIsHMACAvail
 0001:0008E028       DefIsHMACIntfAvail
 0002:00000204       DefLongDayNames
 0002:000001B8       DefLongMonthNames
 0001:00005CF8       DefMDIChildProc
 0002:00000678       DefPenData
 0001:0008DFEC       DefSetFIPSMode
 0002:000001E8       DefShortDayNames
 0002:00000188       DefShortMonthNames
 0001:0008E004       DefUpdateHashInst
 0001:0008E038       DefUpdateHMACInst
 0001:00005D00       DefWindowProc
 0001:00004834       DelayLoadResourceModule
 0001:000004BC       DeleteBlock
 0001:00005870       DeleteCriticalSection
 0001:000003CC       DeleteCriticalSection
 0001:00005B38       DeleteDC
 0001:00000DB4       DeleteFree
 0001:00005D08       DeleteMenu
 0001:00005B40       DeleteObject
 0001:000243C8       DeselectBitmap
 0001:00005D10       DestroyCursor
 0001:00005D18       DestroyIcon
 0001:0002BF2C       DestroyLocals
 0001:00005D20       DestroyMenu
 0001:00005D28       DestroyWindow
 0002:00003F0C       DES_ecb_encrypt
 0002:00003F08       DES_set_key
 0002:00003F04       DES_set_odd_parity
 0001:000A2CE8       DetectXmlCharset
 0002:000037B4       DH_free
 0001:00030624       DialogEnumerationTester
 0001:0002A840       DialogHook
 0001:0002B72C       Dialogs
 0002:000006D4       DIBPalSizes
 0002:0000008C       dig
 0001:0004C0C0       DisableTaskWindows
 0001:000A5E14       DiscardContent
 0001:0007C7E8       DiscardDocWhiteSpace
 0001:0007CCC4       DiscardToEndOfComment
 0001:0007C8F0       DiscardUntil
 0001:0007C954       DiscardUntilCharOrEndOfTag
 0001:0007CD08       DiscardUntilCloseTag
 0001:0007C77C       DiscardUntilEndOfTag
 0002:00001100       DisconnectEx
 0001:00005D30       DispatchMessage
 0001:00052310       DispatchShortCut
 0002:00005000       DispCallByIDProc
 0001:00007454       DivMod
 0001:0002A0B8       Dlgs
 0001:00053640       DoAlign
 0001:00038844       DoAlign
 0001:0003C8F8       DoCalcConstraints
 0002:00005B58       DockSiteList
 0001:00048AD8       DoClick
 0001:0006ED30       DoConnectTimeout
 0001:00039F88       DoControlMsg
 0001:0004C070       DoDisableWindow
 0001:000339A0       DoDragOver
 0001:000074CC       DoExitProc
 0001:0003E7BC       DoFindControlZone
 0001:0004C1C4       DoFindWindow
 0001:0003ED48       DoFindZone
 0001:0003E840       DoForEach
 0001:0004014C       DoGetNextLimit
 0001:0004C038       DoneApplication
 0001:00040EAC       DoneControls
 0001:0000C4CC       DoneExceptions
 0001:0005068C       DoNestedActivation
 0001:0001E420       DoneThreadSynchronization
 0001:000556E4       DoOnHelp
 0001:00038404       DoPosition
 0001:00053490       DoPosition
 0001:0003F774       DoPrune
 0001:00081DC8       DoReadLnFromStream
 0001:0003FC4C       DoSaveZone
 0001:0003FE50       DoSetNewBounds
 0002:000003B0       DotSep
 0002:00001170       DownlevelGetLocaleScripts
 0002:00001174       DownlevelGetStringScripts
 0002:00001178       DownlevelVerifyScripts
 0001:000190A0       DoWrite
 0001:00023F8C       DoWrite
 0001:000433E8       DoWrite
 0001:00039570       DoWriteDesignSize
 0001:0003701C       DoWriteIsControl
 0002:00005B3C       DragCapture
 0002:00005B30       DragControl
 0001:000340E8       DragDone
 0001:00033950       DragFindTarget
 0001:00033924       DragFindWindow
 0002:00005B54       DragImageList
 0001:00033D40       DragInit
 0001:00033EB0       DragInitControl
 0002:00005B38       DragInternalObject
 0001:0003386C       DragMessage
 0002:00005B34       DragObject
 0002:00005B60       DragSave
 0002:00005B48       DragSaveCursor
 0002:00005B40       DragStartPos
 0002:00005B4C       DragThreshold
 0001:00033A70       DragTo
 0001:00054404       DrawAppIcon
 0001:0003F2E0       DrawCloseButton
 0001:00005D38       DrawEdge
 0001:00005D40       DrawFrameControl
 0001:0003F338       DrawGrabberLine
 0001:00005D48       DrawIcon
 0001:00005D50       DrawIconEx
 0002:00000BDC       DrawingStyles
 0001:00005D58       DrawMenuBar
 0001:00049E48       DrawMenuItem
 0001:00005D60       DrawText
 0002:00005984       DrawThemeBackground
 0002:000059A8       DrawThemeEdge
 0002:000059AC       DrawThemeIcon
 0002:00005A30       DrawThemeParentBackground
 0002:00005988       DrawThemeText
 0002:00003B4C       DTLSv1_client_method
 0002:00003B44       DTLSv1_method
 0002:00003B48       DTLSv1_server_method
 0001:00022DC4       DupBits
 0001:000044E0       DynArrayClear
 0001:000044E8       DynArraySetLength
 0002:00000CC8       EdgeStyle
 0002:00000B90       EdgeStyles
 0001:0000BF10       EHeapException.FreeInstance
 0001:00058338       EIdException.Create
 0001:000A25A4       EIdHTTPProtocolException.CreateError
 0001:0008EC14       EIdOpenSSLAPICryptoError.RaiseException
 0001:0008EC30       EIdOpenSSLAPICryptoError.RaiseExceptionCode
 0001:0008ECD8       EIdOpenSSLAPISSLError.RaiseException
 0001:0008ED08       EIdOpenSSLAPISSLError.RaiseExceptionCode
 0001:0006EA28       EIdReplyRFCError.CreateError
 0001:00066808       EIdSocketError.CreateError
 0001:0005E97C       EIdWinsockStubError.Build
 0002:00000A64       Empty
 0002:000057FC       EmptyParam
 0002:000000BC       EmptyStr
 0002:000000C0       EmptyWideStr
 0001:00005D68       EnableMenuItem
 0002:00000C60       Enables
 0001:00005D70       EnableScrollBar
 0001:0004C174       EnableTaskWindows
 0002:00005A18       EnableThemeDialogTexture
 0002:00005A34       EnableTheming
 0001:00005D78       EnableWindow
 0001:00009C34       EncodeDate
 0001:00009A8C       EncodeTime
 0001:00017A60       EndGlobalLoading
 0001:00005D80       EndPaint
 0001:00003380       EndThread
 0001:00058C6C       EnsureEncoding
 0001:00005878       EnterCriticalSection
 0001:000003BC       EnterCriticalSection
 0001:00005880       EnumCalendarInfoA
 0002:00005918       EnumDisplayMonitors
 0001:0000B6E0       EnumEraNames
 0001:0000B71C       EnumEraYearOffsets
 0001:0004F274       EnumMonitorsProc
 0001:00005D88       EnumThreadWindows
 0001:0001B9A4       EnumValue
 0001:00005D90       EnumWindows
 0001:00005D98       EqualRect
 0002:00005750       EraNames
 0001:0000ACEC       EraToYear
 0002:0000576C       EraYearOffsets
 0002:00000064       errCaption
 0001:0001B188       Error
 0001:00001C0C       Error
 0001:00016FE8       Error
 0001:00044AD8       Error
 0002:00000004       ErrorAddr
 0001:00001BC0       ErrorAt
 0001:0000BFBC       ErrorHandler
 0002:00000220       ErrorMap
 0002:00005008       ErrorProc
 0002:000053E4       ErrOutput
 0002:00003F68       ERR_clear_error
 0002:00003F6C       ERR_error_string
 0002:00003F54       ERR_error_string_n
 0002:00003F84       ERR_free_strings
 0002:00003F74       ERR_func_error_string
 0002:00003F5C       ERR_get_error
 0002:00003F70       ERR_lib_error_string
 0002:00003F80       ERR_load_crypto_strings
 0002:00003F7C       ERR_load_ERR_strings
 0002:00003F60       ERR_peek_error
 0002:00003F64       ERR_peek_last_error
 0002:00003F58       ERR_put_error
 0002:00003F78       ERR_reason_error_string
 0002:00003F8C       ERR_remove_state
 0002:00003F88       ERR_remove_thread_state
 0001:0009F7A8       ESSPIException.CreateError
 0001:0009F0B4       ESSPIException.GetErrorMessageByNo
 0002:00003D04       EVP_add_cipher
 0002:00003D08       EVP_add_digest
 0002:00003C80       EVP_aes_128_cbc
 0002:00003CEC       EVP_aes_128_cbc_hmac_sha1
 0002:00003C9C       EVP_aes_128_ccm
 0002:00003C84       EVP_aes_128_cfb1
 0002:00003C8C       EVP_aes_128_cfb128
 0002:00003C88       EVP_aes_128_cfb8
 0002:00003C94       EVP_aes_128_ctr
 0002:00003C7C       EVP_aes_128_ecb
 0002:00003C98       EVP_aes_128_gcm
 0002:00003C90       EVP_aes_128_ofb
 0002:00003CA0       EVP_aes_128_xts
 0002:00003CA8       EVP_aes_192_cbc
 0002:00003CC0       EVP_aes_192_ccm
 0002:00003CAC       EVP_aes_192_cfb1
 0002:00003CB0       EVP_aes_192_cfb128
 0002:00003CB8       EVP_aes_192_ctr
 0002:00003CA4       EVP_aes_192_ecb
 0002:00003CBC       EVP_aes_192_gcm
 0002:00003CB4       EVP_aes_192_ofb
 0002:00003CC8       EVP_aes_256_cbc
 0002:00003CF0       EVP_aes_256_cbc_hmac_sha1
 0002:00003CE4       EVP_aes_256_ccm
 0002:00003CCC       EVP_aes_256_cfb1
 0002:00003CD4       EVP_aes_256_cfb128
 0002:00003CD0       EVP_aes_256_cfb8
 0002:00003CDC       EVP_aes_256_ctr
 0002:00003CC4       EVP_aes_256_ecb
 0002:00003CE0       EVP_aes_256_gcm
 0002:00003CD8       EVP_aes_256_ofb
 0002:00003CE8       EVP_aes_256_xts
 0002:00003C60       EVP_bf_cbc
 0002:00003C64       EVP_bf_cfb64
 0002:00003C5C       EVP_bf_ecb
 0002:00003C68       EVP_bf_ofb
 0002:00003C70       EVP_cast5_cbc
 0002:00003C74       EVP_cast5_cfb64
 0002:00003C6C       EVP_cast5_ecb
 0002:00003C78       EVP_cast5_ofb
 0002:00003868       EVP_CipherFinal
 0002:0000386C       EVP_CipherFinal_ex
 0002:0000385C       EVP_CipherInit
 0002:00003860       EVP_CipherInit_ex
 0002:00003864       EVP_CipherUpdate
 0002:00003D98       EVP_CIPHER_asn1_to_param
 0002:00003934       EVP_CIPHER_block_size
 0002:00003950       EVP_CIPHER_CTX_block_size
 0002:00003948       EVP_CIPHER_CTX_cipher
 0002:000038BC       EVP_CIPHER_CTX_cleanup
 0002:0000395C       EVP_CIPHER_CTX_copy
 0002:000038D0       EVP_CIPHER_CTX_ctrl
 0002:00003968       EVP_CIPHER_CTX_flags
 0002:000038C4       EVP_CIPHER_CTX_free
 0002:00003960       EVP_CIPHER_CTX_get_app_data
 0002:000038B8       EVP_CIPHER_CTX_init
 0002:00003958       EVP_CIPHER_CTX_iv_length
 0002:00003954       EVP_CIPHER_CTX_key_length
 0002:000038C0       EVP_CIPHER_CTX_new
 0002:0000394C       EVP_CIPHER_CTX_nid
 0002:000038D4       EVP_CIPHER_CTX_rand_key
 0002:00003964       EVP_CIPHER_CTX_set_app_data
 0002:000038C8       EVP_CIPHER_CTX_set_key_length
 0002:000038CC       EVP_CIPHER_CTX_set_padding
 0002:00003D0C       EVP_CIPHER_do_all
 0002:00003D10       EVP_CIPHER_do_all_sorted
 0002:00003940       EVP_CIPHER_flags
 0002:00003DA0       EVP_CIPHER_get_asn1_iv
 0002:0000393C       EVP_CIPHER_iv_length
 0002:00003938       EVP_CIPHER_key_length
 0002:00003930       EVP_CIPHER_nid
 0002:00003D94       EVP_CIPHER_param_to_asn1
 0002:00003D9C       EVP_CIPHER_set_asn1_iv
 0002:00003944       EVP_CIPHER_type
 0002:000036E8       EVP_cleanup
 0002:000038B4       EVP_DecodeBlock
 0002:000038B0       EVP_DecodeFinal
 0002:000038A8       EVP_DecodeInit
 0002:000038AC       EVP_DecodeUpdate
 0002:00003854       EVP_DecryptFinal
 0002:00003858       EVP_DecryptFinal_ex
 0002:00003848       EVP_DecryptInit
 0002:0000384C       EVP_DecryptInit_ex
 0002:00003850       EVP_DecryptUpdate
 0002:00003C24       EVP_desx_cbc
 0002:00003C1C       EVP_des_cbc
 0002:00003BF8       EVP_des_cfb1
 0002:00003BF4       EVP_des_cfb64
 0002:00003BFC       EVP_des_cfb8
 0002:00003BE0       EVP_des_ecb
 0002:00003BE4       EVP_des_ede
 0002:00003BE8       EVP_des_ede3
 0002:00003904       EVP_des_ede3_cbc
 0002:00003C08       EVP_des_ede3_cfb1
 0002:00003C04       EVP_des_ede3_cfb64
 0002:00003C0C       EVP_des_ede3_cfb8
 0002:00003BF0       EVP_des_ede3_ecb
 0002:00003C18       EVP_des_ede3_ofb
 0002:00003C20       EVP_des_ede_cbc
 0002:00003C00       EVP_des_ede_cfb64
 0002:00003BEC       EVP_des_ede_ecb
 0002:00003C14       EVP_des_ede_ofb
 0002:00003C10       EVP_des_ofb
 0002:00003830       EVP_DigestFinal_ex
 0002:00003824       EVP_DigestInit
 0002:00003828       EVP_DigestInit_ex
 0002:0000387C       EVP_DigestSignFinal
 0002:00003878       EVP_DigestSignInit
 0002:0000382C       EVP_DigestUpdate
 0002:00003884       EVP_DigestVerifyFinal
 0002:00003880       EVP_DigestVerifyInit
 0002:00003BBC       EVP_dss
 0002:00003BC0       EVP_dss1
 0002:00003BC4       EVP_ecdsa
 0002:000038A4       EVP_EncodeBlock
 0002:000038A0       EVP_EncodeFinal
 0002:00003898       EVP_EncodeInit
 0002:0000389C       EVP_EncodeUpdate
 0002:00003844       EVP_EncryptFinal
 0002:00003840       EVP_EncryptFinal_ex
 0002:00003834       EVP_EncryptInit
 0002:00003838       EVP_EncryptInit_ex
 0002:0000383C       EVP_EncryptUpdate
 0002:00003914       EVP_get_cipherbyname
 0002:00003918       EVP_get_digestbyname
 0002:00003C40       EVP_idea_cbc
 0002:00003C38       EVP_idea_cfb64
 0002:00003C34       EVP_idea_ecb
 0002:00003C3C       EVP_idea_ofb
 0002:00003BD0       EVP_md4
 0002:00003BCC       EVP_md5
 0002:00003BC8       EVP_mdc2
 0002:00003924       EVP_MD_block_size
 0002:000038F0       EVP_MD_CTX_cleanup
 0002:000038FC       EVP_MD_CTX_copy
 0002:00003900       EVP_MD_CTX_copy_ex
 0002:000038F4       EVP_MD_CTX_create
 0002:000038F8       EVP_MD_CTX_destroy
 0002:000038EC       EVP_MD_CTX_init
 0002:0000392C       EVP_MD_CTX_md
 0002:00003D14       EVP_MD_do_all
 0002:00003D18       EVP_MD_do_all_sorted
 0002:00003928       EVP_MD_flags
 0002:00003BDC       EVP_md_null
 0002:00003920       EVP_MD_size
 0002:0000391C       EVP_MD_type
 0002:0000388C       EVP_OpenFinal
 0002:00003888       EVP_OpenInit
 0002:00003DC0       EVP_PBE_alg_add
 0002:00003DBC       EVP_PBE_alg_add_type
 0002:00003DB8       EVP_PBE_CipherInit
 0002:00003DC8       EVP_PBE_cleanup
 0002:00003DC4       EVP_PBE_find
 0002:00003DDC       EVP_PKEY_asn1_add0
 0002:00003DE0       EVP_PKEY_asn1_add_alias
 0002:00003DF0       EVP_PKEY_asn1_copy
 0002:00003DD4       EVP_PKEY_asn1_find
 0002:00003DD8       EVP_PKEY_asn1_find_str
 0002:00003DF4       EVP_PKEY_asn1_free
 0002:00003DD0       EVP_PKEY_asn1_get0
 0002:00003DE4       EVP_PKEY_asn1_get0_info
 0002:00003DCC       EVP_PKEY_asn1_get_count
 0002:00003DEC       EVP_PKEY_asn1_new
 0002:00003E08       EVP_PKEY_asn1_set_ctrl
 0002:00003E04       EVP_PKEY_asn1_set_free
 0002:00003E00       EVP_PKEY_asn1_set_param
 0002:00003DFC       EVP_PKEY_asn1_set_private
 0002:00003DF8       EVP_PKEY_asn1_set_public
 0002:00003910       EVP_PKEY_assign
 0002:00003D2C       EVP_PKEY_base_id
 0002:00003D30       EVP_PKEY_bits
 0002:00003D80       EVP_PKEY_cmp
 0002:00003D7C       EVP_PKEY_cmp_parameters
 0002:00003D70       EVP_PKEY_copy_parameters
 0002:00003E34       EVP_PKEY_CTX_ctrl
 0002:00003E38       EVP_PKEY_CTX_ctrl_str
 0002:00003E2C       EVP_PKEY_CTX_dup
 0002:00003E30       EVP_PKEY_CTX_free
 0002:00003E54       EVP_PKEY_CTX_get0_peerkey
 0002:00003E50       EVP_PKEY_CTX_get0_pkey
 0002:00003E5C       EVP_PKEY_CTX_get_app_data
 0002:00003EA0       EVP_PKEY_CTX_get_cb
 0002:00003E4C       EVP_PKEY_CTX_get_data
 0002:00003EA4       EVP_PKEY_CTX_get_keygen_info
 0002:00003E3C       EVP_PKEY_CTX_get_operation
 0002:00003E24       EVP_PKEY_CTX_new
 0002:00003E28       EVP_PKEY_CTX_new_id
 0002:00003E40       EVP_PKEY_CTX_set0_keygen_info
 0002:00003E58       EVP_PKEY_CTX_set_app_data
 0002:00003E9C       EVP_PKEY_CTX_set_cb
 0002:00003E48       EVP_PKEY_CTX_set_data
 0002:00003E84       EVP_PKEY_decrypt
 0002:00003E80       EVP_PKEY_decrypt_init
 0002:00003D1C       EVP_PKEY_decrypt_old
 0002:00003E90       EVP_PKEY_derive
 0002:00003E88       EVP_PKEY_derive_init
 0002:00003E8C       EVP_PKEY_derive_set_peer
 0002:00003E7C       EVP_PKEY_encrypt
 0002:00003E78       EVP_PKEY_encrypt_init
 0002:00003D20       EVP_PKEY_encrypt_old
 0002:0000390C       EVP_PKEY_free
 0002:00003D40       EVP_PKEY_get0
 0002:00003DE8       EVP_PKEY_get0_asn1
 0002:00003D58       EVP_PKEY_get1_DH
 0002:00003D50       EVP_PKEY_get1_DSA
 0002:00003D60       EVP_PKEY_get1_EC_KEY
 0002:00003D48       EVP_PKEY_get1_RSA
 0002:00003D90       EVP_PKEY_get_default_digest_nid
 0002:00003D28       EVP_PKEY_id
 0002:00003E98       EVP_PKEY_keygen
 0002:00003E94       EVP_PKEY_keygen_init
 0002:00003E20       EVP_PKEY_meth_add0
 0002:00003E18       EVP_PKEY_meth_copy
 0002:00003E0C       EVP_PKEY_meth_find
 0002:00003E1C       EVP_PKEY_meth_free
 0002:00003E14       EVP_PKEY_meth_get0_info
 0002:00003E10       EVP_PKEY_meth_new
 0002:00003EB0       EVP_PKEY_meth_set_cleanup
 0002:00003EAC       EVP_PKEY_meth_set_copy
 0002:00003ED4       EVP_PKEY_meth_set_ctrl
 0002:000060E0       EVP_PKEY_meth_set_decrypt
 0002:00003ED0       EVP_PKEY_meth_set_derive
 0002:00003ECC       EVP_PKEY_meth_set_encrypt
 0002:00003EA8       EVP_PKEY_meth_set_init
 0002:00003EB4       EVP_PKEY_meth_set_keygen
 0002:000060DC       EVP_PKEY_meth_set_paramgen
 0002:00003EB8       EVP_PKEY_meth_set_sign
 0002:00003EC4       EVP_PKEY_meth_set_signctx
 0002:00003EBC       EVP_PKEY_meth_set_verify
 0002:00003EC8       EVP_PKEY_meth_set_verifyctx
 0002:00003EC0       EVP_PKEY_meth_set_verify_recover
 0002:00003D74       EVP_PKEY_missing_parameters
 0002:00003908       EVP_PKEY_new
 0002:00003E44       EVP_PKEY_new_mac_key
 0002:000060D8       EVP_PKEY_paramgen
 0002:000060D4       EVP_PKEY_paramgen_init
 0002:00003D8C       EVP_PKEY_print_params
 0002:00003D88       EVP_PKEY_print_private
 0002:00003D84       EVP_PKEY_print_public
 0002:00003D78       EVP_PKEY_save_parameters
 0002:00003D54       EVP_PKEY_set1_DH
 0002:00003D4C       EVP_PKEY_set1_DSA
 0002:00003D5C       EVP_PKEY_set1_EC_KEY
 0002:00003D44       EVP_PKEY_set1_RSA
 0002:00003D38       EVP_PKEY_set_type
 0002:00003D3C       EVP_PKEY_set_type_str
 0002:00003E64       EVP_PKEY_sign
 0002:00003E60       EVP_PKEY_sign_init
 0002:00003D34       EVP_PKEY_size
 0002:00003D24       EVP_PKEY_type
 0002:00003E6C       EVP_PKEY_verify
 0002:00003E68       EVP_PKEY_verify_init
 0002:00003E74       EVP_PKEY_verify_recover
 0002:00003E70       EVP_PKEY_verify_recover_init
 0002:00003C4C       EVP_rc2_40_cbc
 0002:00003C50       EVP_rc2_64_cbc
 0002:00003C48       EVP_rc2_cbc
 0002:00003C54       EVP_rc2_cfb64
 0002:00003C44       EVP_rc2_ecb
 0002:00003C58       EVP_rc2_ofb
 0002:00003C28       EVP_rc4
 0002:00003C2C       EVP_rc4_40
 0002:00003C30       EVP_rc4_hmac_md5
 0002:00003BD4       EVP_ripemd160
 0002:00003894       EVP_SealFinal
 0002:00003890       EVP_SealInit
 0002:00003CF8       EVP_seed_cbc
 0002:00003CFC       EVP_seed_cfb128
 0002:00003CF4       EVP_seed_ecb
 0002:00003D00       EVP_seed_ofb
 0002:00003BB4       EVP_sha
 0002:00003BB8       EVP_sha1
 0002:00003BB0       EVP_sha224
 0002:00003BAC       EVP_sha256
 0002:00003BA8       EVP_sha384
 0002:00003BA4       EVP_sha512
 0002:00003870       EVP_SignFinal
 0002:00003874       EVP_VerifyFinal
 0002:00003BD8       EVP_whirlpool
 0001:00001B4C       ExceptAddr
 0002:0000500C       ExceptClsProc
 0001:0000C438       ExceptHandler
 0001:0000BCFC       Exception.Create
 0001:0000BD38       Exception.CreateFmt
 0001:0000BE88       Exception.CreateFmtHelp
 0001:0000BDB8       Exception.CreateRes
 0001:0000BDF4       Exception.CreateResFmt
 0002:0000501C       ExceptionClass
 0001:0000BA78       ExceptionErrorMessage
 0002:00000258       ExceptMap
 0001:00001B2C       ExceptObject
 0002:00005010       ExceptObjProc
 0002:00005004       ExceptProc
 0001:00005B48       ExcludeClipRect
 0002:00000000       ExitCode
 0001:00003130       ExitDll
 0002:00005044       ExitProc
 0001:00000288       ExitProcess
 0002:00005024       ExitProcessProc
 0002:00000134       ExitProcList
 0001:00000280       ExitThread
 0001:0005D88C       ExpandBytes
 0001:0000820C       ExpandFileName
 0001:0002AB18       ExplorerHook
 0001:0002C1E8       ExtActns
 0001:0002BD90       ExtCtrls
 0001:0002C054       ExtDlgs
 0001:0007BB00       ExtractDigits
 0001:0007C790       ExtractDocWhiteSpace
 0001:00081348       ExtractEncodedData
 0001:000811D8       ExtractEncoding
 0001:000081C4       ExtractFileExt
 0001:0000818C       ExtractFileName
 0001:0002B190       ExtractFileName
 0001:0002B1D8       ExtractFileNames
 0001:0007D1F0       ExtractHeaderItem
 0001:0007DB1C       ExtractHeaderMediaSubType
 0001:0007D584       ExtractHeaderSubItem
 0002:0000578C       FalseBoolStrs
 0002:00005A88       FClipboard
 0002:00000168       FCon1E18
 0001:000613CC       FD_ISSET
 0001:000613E4       FD_ZERO
 0001:0005AE08       Fetch
 0001:0005AEB8       FetchCaseInsensitive
 0001:0007D2B4       FetchQuotedString
 0002:000060E8       FFailedLoadList
 0001:0000808C       FileAge
 0001:00008084       FileClose
 0001:00007FC8       FileCreate
 0001:00007FEC       FileCreate
 0001:000080F4       FileExists
 0002:000006CC       FileFormats
 0002:00000008       FileMode
 0001:00007F70       FileOpen
 0001:00007FF4       FileRead
 0002:000003DC       FilerSignature
 0001:0000804C       FileSeek
 0001:00005888       FileTimeToDosDateTime
 0001:00005890       FileTimeToLocalFileTime
 0001:00008020       FileWrite
 0001:00000EEC       FillAfterGap
 0001:00000E8C       FillBeforeGap
 0001:0005AAF8       FillBytes
 0001:00000F8C       FillerSizeAfterGap
 0001:00000F14       FillerSizeBeforeGap
 0001:00005DA0       FillRect
 0002:00006090       FinalHashInst
 0002:000060CC       FinalHMACInst
 0001:00006744       Finalization
 0001:00006414       Finalization
 0001:000063DC       Finalization
 0001:0008E058       Finalization
 0001:0008DE90       Finalization
 0001:0008DE58       Finalization
 0001:0008DD54       Finalization
 0001:0008DC9C       Finalization
 0001:0008DBF0       Finalization
 0001:0008D520       Finalization
 0001:0008BB4C       Finalization
 0001:00096E18       Finalization
 0001:0008B02C       Finalization
 0001:0008AFF4       Finalization
 0001:0008AFBC       Finalization
 0001:0008AB94       Finalization
 0001:00087860       Finalization
 0001:00086EE8       Finalization
 0001:00086EA4       Finalization
 0001:00086E40       Finalization
 0001:00086E08       Finalization
 0001:00086DD0       Finalization
 0001:00086D98       Finalization
 0001:00086D20       Finalization
 0001:00086A30       Finalization
 0001:000869F8       Finalization
 0001:000869C0       Finalization
 0001:00086988       Finalization
 0001:00086924       Finalization
 0001:000866FC       Finalization
 0001:00085E88       Finalization
 0001:00085BA8       Finalization
 0001:000858F8       Finalization
 0001:00085444       Finalization
 0001:000851C0       Finalization
 0001:00084F2C       Finalization
 0001:00083950       Finalization
[...]
   146 0001:0005690B   147 0001:0005690E   148 0001:00056912   149 0001:0005691E
   152 0001:00056922   155 0001:0005692B   158 0001:00056931   159 0001:0005693A
   160 0001:00056940   162 0001:00056947   163 0001:0005694A   164 0001:0005694E
   167 0001:00056956   170 0001:0005695F   172 0001:0005696B   173 0001:0005696F
   176 0001:00056974   179 0001:0005697B   190 0001:00056980   196 0001:0005698C
   197 0001:00056992   199 0001:000569A3   200 0001:000569A7   201 0001:000569AD
   202 0001:000569B0   203 0001:000569BC   206 0001:000569CA   209 0001:000569E4
   212 0001:000569E9   213 0001:00056A00   214 0001:00056A05   216 0001:00056A0B
   217 0001:00056A11   218 0001:00056A14   221 0001:00056A22   224 0001:00056A39
   226 0001:00056A4D   227 0001:00056A51   230 0001:00056A5D   233 0001:00056A78
   241 0001:00056A80   242 0001:00056A83   243 0001:00056A91   251 0001:00056A98
   252 0001:00056A9B   253 0001:00056AA9   262 0001:00056AB0   263 0001:00056AB7
   264 0001:00056ABF   268 0001:00056AC4   269 0001:00056ACA   270 0001:00056AE4
   273 0001:00056B1C   273 0001:00056B23

Line numbers for GpTextStream(GpTextStream.pas) segment .text

   446 0001:00056C44   447 0001:00056C47   448 0001:00056C4F   449 0001:00056C55
   451 0001:00056C58   452 0001:00056C67   453 0001:00056C6A   454 0001:00056C70
   455 0001:00056C82   456 0001:00056C88   457 0001:00056C8C   458 0001:00056C98
   460 0001:00056CA5   461 0001:00056CB3   462 0001:00056CC4   465 0001:00056CD3
   466 0001:00056CE6   467 0001:00056CF6   454 0001:00056D03   470 0001:00056D0A
   471 0001:00056D14   496 0001:00056D1C   497 0001:00056D2A   498 0001:00056D2D
   499 0001:00056D33   501 0001:00056D3A   502 0001:00056D3F   503 0001:00056D42
   504 0001:00056D46   505 0001:00056D51   506 0001:00056D55   508 0001:00056D5C
   509 0001:00056D66   511 0001:00056D6B   512 0001:00056D70   513 0001:00056D73
   514 0001:00056D8F   515 0001:00056D93   518 0001:00056D98   520 0001:00056D9D
   521 0001:00056DA2   522 0001:00056DA5   523 0001:00056DAA   524 0001:00056DAD
   528 0001:00056DD7   529 0001:00056DDB   500 0001:00056DDE   532 0001:00056DE7
   533 0001:00056DF1   545 0001:00056DFC   546 0001:00056E21   547 0001:00056E3C
   549 0001:00056E61   550 0001:00056E83   593 0001:00056E8C   594 0001:00056E93
   595 0001:00056E9B   597 0001:00056EA3   598 0001:00056EB0   611 0001:00056EB4
   612 0001:00056ED7   613 0001:00056EE3   614 0001:00056EF6   615 0001:00056EFA
   616 0001:00056F00   617 0001:00056F03   618 0001:00056F0C   619 0001:00056F19
   620 0001:00056F39   625 0001:00056F44   626 0001:00056F52   627 0001:00056F5A
   628 0001:00056F62   629 0001:00056F67   630 0001:00056F7E   642 0001:00056F84
   643 0001:00056F8A   644 0001:00056F91   645 0001:00056F98   647 0001:00056F9C
   655 0001:00056FA0   656 0001:00056FA7   658 0001:00056FAA   659 0001:00056FAC
   680 0001:00056FB0   681 0001:00056FB7   688 0001:00056FB8   689 0001:00056FD2
   700 0001:00056FD4   701 0001:00056FF5   704 0001:00057017   705 0001:0005701F
   706 0001:00057034   707 0001:00057040   708 0001:00057050   709 0001:0005705B
   710 0001:00057066   712 0001:00057073   713 0001:0005707E   714 0001:00057089
   717 0001:00057094   718 0001:000570BD   719 0001:000570C9   720 0001:000570D9
   721 0001:000570E6   722 0001:000570F1   724 0001:000570FE   725 0001:0005710B
   726 0001:00057116   728 0001:00057123   729 0001:00057145   730 0001:00057155
   731 0001:00057160   732 0001:0005716B   736 0001:00057176   737 0001:00057181
   738 0001:0005718D   739 0001:000571AF   743 0001:000571BC   744 0001:000571CB
   745 0001:000571D6   746 0001:000571E8   747 0001:0005722A   748 0001:00057236
   749 0001:00057245   750 0001:0005724F   751 0001:00057266   752 0001:0005726C
   753 0001:00057283   754 0001:0005728D   755 0001:0005729F   761 0001:000572B6
   762 0001:000572C5   763 0001:000572D0   764 0001:000572E2   765 0001:00057324
   766 0001:0005734C   767 0001:00057356   768 0001:0005736D   769 0001:00057373
   770 0001:0005738A   771 0001:00057394   772 0001:000573A6   778 0001:000573BD
   779 0001:000573C5   780 0001:000573DA   781 0001:000573E6   782 0001:000573F6
   783 0001:00057401   784 0001:0005740C   786 0001:00057419   787 0001:00057424
   788 0001:0005742F   791 0001:0005743A   792 0001:00057463   793 0001:0005746F
   794 0001:0005747F   795 0001:0005748C   796 0001:00057497   798 0001:000574A7
   799 0001:000574B4   800 0001:000574BF   802 0001:000574CF   803 0001:000574FD
   804 0001:0005750D   805 0001:00057518   806 0001:00057523   810 0001:00057530
   811 0001:0005754C   812 0001:00057554   813 0001:00057568   814 0001:0005756E
   815 0001:00057580   818 0001:00057592   819 0001:000575A4   820 0001:000575BE
   821 0001:000575C9   822 0001:000575DB   825 0001:0005763F   847 0001:00057654
   848 0001:0005767A   849 0001:00057682   850 0001:00057692   851 0001:000576A3
   852 0001:000576AA   853 0001:000576B7   854 0001:000576C5   855 0001:000576CB
   856 0001:000576D0   859 0001:000576D5   860 0001:000576EA   861 0001:000576FE
   862 0001:00057701   864 0001:00057705   865 0001:00057710   866 0001:00057713
   867 0001:0005771E   868 0001:00057731   869 0001:00057742   871 0001:00057755
   872 0001:0005775F   873 0001:00057770   874 0001:0005777E   875 0001:00057798
   876 0001:0005779E   877 0001:000577A4   878 0001:000577B2   879 0001:000577BE
   880 0001:000577C2   877 0001:000577C6   882 0001:000577D6   885 0001:000577E9
   888 0001:00057801   889 0001:00057806   892 0001:00057852   893 0001:00057859
   894 0001:00057866   895 0001:00057874   896 0001:00057886   898 0001:000578A1
   899 0001:000578B5   902 0001:000578ED   993 0001:000578F4   994 0001:000578FD
   995 0001:00057912   996 0001:00057916   999 0001:00057923  1000 0001:00057933
  1002 0001:00057953  1003 0001:00057957  1004 0001:0005796D  1006 0001:0005797A
  1014 0001:00057984  1015 0001:000579A4  1016 0001:000579B0  1017 0001:000579B6
  1018 0001:000579E9  1029 0001:00057A14  1030 0001:00057A52  1031 0001:00057A5C
  1032 0001:00057A66  1033 0001:00057A6A  1038 0001:00057AE4  1041 0001:00057B3E
  1043 0001:00057B7C  1066 0001:00057B84  1067 0001:00057BAA  1068 0001:00057BB2
  1069 0001:00057BC2  1070 0001:00057BD3  1071 0001:00057BDC  1072 0001:00057BEA
  1073 0001:00057BF8  1074 0001:00057C06  1075 0001:00057C16  1076 0001:00057C1A
  1079 0001:00057C1F  1080 0001:00057C29  1081 0001:00057C37  1082 0001:00057C59
  1085 0001:00057C69  1086 0001:00057C79  1088 0001:00057C8C  1089 0001:00057C96
  1090 0001:00057CA5  1091 0001:00057CB3  1092 0001:00057CB6  1093 0001:00057CBC
  1094 0001:00057CC9  1095 0001:00057CD5  1096 0001:00057CD9  1097 0001:00057CDD
  1098 0001:00057CE5  1093 0001:00057CE9  1100 0001:00057CEC  1101 0001:00057D15
  1104 0001:00057D28  1107 0001:00057D3F  1108 0001:00057D44  1110 0001:00057D93
  1111 0001:00057D9C  1112 0001:00057DA9  1113 0001:00057DB7  1116 0001:00057DD6
  1117 0001:00057DE8  1118 0001:00057E0A  1121 0001:00057E42  1178 0001:00057E5C
  1179 0001:00057E65  1180 0001:00057E70  1182 0001:00057E9D  1183 0001:00057E9F
  1240 0001:00057ED4  1240 0001:00057EDB

Line numbers for fs_synmemo(fs_synmemo.pas) segment .text

  2115 0001:00057F24  2115 0001:00057F2B

Line numbers for uLkJSON(..\..\..\dlib\lkJSON\uLkJSON.pas) segment .text

   604 0001:000A6D34   605 0001:000A6D36   609 0001:000A6D38   610 0001:000A6D3A
   613 0001:000A6D3C   614 0001:000A6D50   615 0001:000A6D67   618 0001:000A6D6C
   619 0001:000A6D72   620 0001:000A6D79   624 0001:000A6D7C   625 0001:000A6D7E
   628 0001:000A6D80   629 0001:000A6D86   630 0001:000A6D92   636 0001:000A6DA8
   641 0001:000A6DAC   646 0001:000A6DB0   647 0001:000A6DB6   648 0001:000A6DBD
   649 0001:000A6DC9   659 0001:000A6DCC   660 0001:000A6DD5   661 0001:000A6DDF
   665 0001:000A6DE4   666 0001:000A6DE6   669 0001:000A6DE8   670 0001:000A6DEE
   671 0001:000A6DFA   674 0001:000A6E14   675 0001:000A6E31   676 0001:000A6E68
   681 0001:000A6E70   682 0001:000A6E76   683 0001:000A6E7D   684 0001:000A6E85
   688 0001:000A6E88   689 0001:000A6E8F   690 0001:000A6E9D   691 0001:000A6EA9
   694 0001:000A6EB0   695 0001:000A6EB9   696 0001:000A6EC3   700 0001:000A6EC8
   701 0001:000A6ECA   704 0001:000A6ECC   705 0001:000A6ED2   706 0001:000A6EDE
   709 0001:000A6EF8   710 0001:000A6F11   711 0001:000A6F43   717 0001:000A6F48
   718 0001:000A6F4C   728 0001:000A6F50   729 0001:000A6F59   730 0001:000A6F63
   734 0001:000A6F68   735 0001:000A6F6A   738 0001:000A6F6C   739 0001:000A6F72
   740 0001:000A6F7E   743 0001:000A6F98   744 0001:000A6FA1   745 0001:000A6FAB
   772 0001:000A6FB0   773 0001:000A6FB3   775 0001:000A6FB7   776 0001:000A6FBA
   778 0001:000A6FBC   779 0001:000A6FC4   782 0001:000A6FC8   783 0001:000A6FCE
   784 0001:000A6FD5   785 0001:000A6FE4   790 0001:000A6FE8   791 0001:000A6FEF
   792 0001:000A7016   793 0001:000A701E   794 0001:000A7025   801 0001:000A702C
   802 0001:000A7036   804 0001:000A704B   805 0001:000A7059   806 0001:000A7068
   807 0001:000A7078   809 0001:000A707C   810 0001:000A7092   814 0001:000A709E
   817 0001:000A70A8   820 0001:000A70B0   821 0001:000A70B9   823 0001:000A70CE
   827 0001:000A70D2   829 0001:000A70DC   833 0001:000A70E0   834 0001:000A70E6
   837 0001:000A70E8   838 0001:000A70EB   839 0001:000A70F3   843 0001:000A70F8
   844 0001:000A7104   846 0001:000A7119   847 0001:000A7127   848 0001:000A7136
   850 0001:000A7142   877 0001:000A7148   878 0001:000A7172   880 0001:000A717E
   881 0001:000A7186   885 0001:000A7193   887 0001:000A71BE   891 0001:000A71C8
   892 0001:000A71E4   893 0001:000A71F8   894 0001:000A7222   899 0001:000A7228
   900 0001:000A7247   901 0001:000A725D   902 0001:000A726B   903 0001:000A72A0
   908 0001:000A72A8   909 0001:000A72C5   910 0001:000A72DB   911 0001:000A72E3
   912 0001:000A731F   917 0001:000A7328   918 0001:000A734A   919 0001:000A7360
   920 0001:000A736D   921 0001:000A739D   926 0001:000A73A4   927 0001:000A73C6
   928 0001:000A73DC   929 0001:000A73E9   930 0001:000A7419   935 0001:000A7420
   936 0001:000A743D   937 0001:000A7453   938 0001:000A745B   939 0001:000A748D
   944 0001:000A7494   945 0001:000A749A   946 0001:000A74A1   947 0001:000A74A6
   948 0001:000A74AE   951 0001:000A74B4   952 0001:000A74BA   953 0001:000A74C2
   955 0001:000A74C9   956 0001:000A74CE   958 0001:000A74D3   959 0001:000A74DA
  1038 0001:000A74E0  1039 0001:000A74EE  1041 0001:000A74F2  1042 0001:000A74F5
  1044 0001:000A74F7  1045 0001:000A7505  1046 0001:000A7510  1047 0001:000A7513
  1048 0001:000A751E  1052 0001:000A7524  1054 0001:000A7533  1090 0001:000A753C
  1091 0001:000A755D  1092 0001:000A7569  1094 0001:000A756E  1099 0001:000A7572
  1100 0001:000A757C  1102 0001:000A759E  1108 0001:000A75A4  1109 0001:000A75B2
  1111 0001:000A75B8  1112 0001:000A75BF  1115 0001:000A75D9  1116 0001:000A75E6
  1118 0001:000A75F6  1119 0001:000A75F9  1121 0001:000A75FB  1112 0001:000A75FC
  1125 0001:000A7601  1127 0001:000A7612  1176 0001:000A761C  1177 0001:000A7646
  1178 0001:000A7692  1193 0001:000A7698  1194 0001:000A769A  1197 0001:000A769C
  1198 0001:000A76A2  1199 0001:000A76AE  1204 0001:000A76C8  1205 0001:000A76E1
  1206 0001:000A76ED  1208 0001:000A76F9  1212 0001:000A7707  1214 0001:000A7728
  1219 0001:000A7730  1220 0001:000A773C  1222 0001:000A7751  1226 0001:000A775A
  1227 0001:000A7770  1229 0001:000A777A  1245 0001:000A7780  1246 0001:000A779C
  1247 0001:000A77B2  1248 0001:000A77DC  1251 0001:000A77E4  1252 0001:000A7813
  1253 0001:000A781F  1255 0001:000A7838  1256 0001:000A786B  1268 0001:000A7874
  1269 0001:000A788D  1270 0001:000A7896  1275 0001:000A7899  1277 0001:000A78C1
  1280 0001:000A78C8  1281 0001:000A78D6  1282 0001:000A78E4  1283 0001:000A78FB
  1288 0001:000A7900  1289 0001:000A791F  1290 0001:000A7935  1291 0001:000A7943
  1292 0001:000A7978  1297 0001:000A7980  1298 0001:000A799D  1299 0001:000A79B3
  1300 0001:000A79BB  1301 0001:000A79F7  1306 0001:000A7A00  1307 0001:000A7A22
  1308 0001:000A7A38  1309 0001:000A7A45  1310 0001:000A7A75  1315 0001:000A7A7C
  1316 0001:000A7A9E  1317 0001:000A7AB4  1318 0001:000A7AC1  1319 0001:000A7AF1
  1360 0001:000A7AF8  1361 0001:000A7B15  1362 0001:000A7B2B  1363 0001:000A7B33
  1364 0001:000A7B65  1481 0001:000A7B6C  1482 0001:000A7B70  1483 0001:000A7B75
  1485 0001:000A7B7E  1486 0001:000A7B8B  1487 0001:000A7B93  1491 0001:000A7BA1
  1492 0001:000A7BBB  1494 0001:000A7BD4  1495 0001:000A7BE1  1496 0001:000A7BF4
  1499 0001:000A7BF8  1500 0001:000A7BFE  1501 0001:000A7C16  1502 0001:000A7C1E
  1503 0001:000A7C25  1508 0001:000A7C28  1509 0001:000A7C4E  1511 0001:000A7C61
  1512 0001:000A7C75  1513 0001:000A7C80  1514 0001:000A7C83  1509 0001:000A7C84
  1515 0001:000A7CA4  1522 0001:000A7CAC  1523 0001:000A7CC9  1524 0001:000A7CD1
  1527 0001:000A7CE2  1535 0001:000A7D0F  1537 0001:000A7D24  1538 0001:000A7D2F
  1539 0001:000A7D34  1542 0001:000A7D45  1545 0001:000A7D80  1546 0001:000A7D8C
  1548 0001:000A7DA2  1549 0001:000A7DB6  1550 0001:000A7DCA  1551 0001:000A7DDB
  1552 0001:000A7DEC  1554 0001:000A7DFD  1555 0001:000A7E08  1557 0001:000A7E3C
  1559 0001:000A7E4D  1540 0001:000A7E57  1561 0001:000A7E67  1563 0001:000A7E78
  1565 0001:000A7E89  1566 0001:000A7E8F  1568 0001:000A7EA3  1570 0001:000A7EB7
  1572 0001:000A7EC8  1574 0001:000A7EDC  1576 0001:000A7EED  1577 0001:000A7EF9
  1578 0001:000A7F0A  1580 0001:000A7F13  1581 0001:000A7F23  1582 0001:000A7F36
  1578 0001:000A7F37  1583 0001:000A7F3A  1585 0001:000A7F4B  1587 0001:000A7F5C
  1588 0001:000A7F6A  1589 0001:000A7F79  1590 0001:000A7F89  1591 0001:000A7F96
  1592 0001:000A7FA2  1594 0001:000A7FBC  1597 0001:000A7FD2  1599 0001:000A7FE3
  1600 0001:000A7FEF  1601 0001:000A8000  1603 0001:000A8009  1604 0001:000A8019
  1605 0001:000A802C  1601 0001:000A802D  1606 0001:000A8030  1608 0001:000A8066
  1611 0001:000A80E8  1613 0001:000A8116  1614 0001:000A8126  1617 0001:000A812D
  1618 0001:000A8132  1619 0001:000A8139  1620 0001:000A8142  1621 0001:000A814B
  1622 0001:000A8155  1626 0001:000A8183  2422 0001:000A818C  2423 0001:000A8192
  2424 0001:000A81AB  2425 0001:000A81C5  2426 0001:000A81CD  2427 0001:000A81DA
  2429 0001:000A81E0  2430 0001:000A81E7  2431 0001:000A81FC  2432 0001:000A8208
  2433 0001:000A8214  2441 0001:000A8218  2442 0001:000A822E  2443 0001:000A8237
  2444 0001:000A824C  2445 0001:000A824E  2446 0001:000A8251  2447 0001:000A8255
  2448 0001:000A8258  2449 0001:000A8275  2541 0001:000A827C  2542 0001:000A828A
  2543 0001:000A8291  2544 0001:000A829F  2545 0001:000A82B6  2550 0001:000A82BC
  2551 0001:000A82C7  2552 0001:000A82CA  2555 0001:000A82D2  2556 0001:000A82E9
  2557 0001:000A8302  2553 0001:000A830B  2559 0001:000A8320  2564 0001:000A8328
  2565 0001:000A832F  2567 0001:000A833C  2568 0001:000A834E  2569 0001:000A8359
  2570 0001:000A8369  2571 0001:000A8376  2572 0001:000A8384  2573 0001:000A838A
  2577 0001:000A838E  2578 0001:000A83A0  2579 0001:000A83B0  2580 0001:000A83C2
  2581 0001:000A83D5  2582 0001:000A83D7  2583 0001:000A83E4  2585 0001:000A83F3
  2587 0001:000A83F8  2588 0001:000A8407  2589 0001:000A8414  2594 0001:000A8418
  2595 0001:000A8419  2597 0001:000A8427  2598 0001:000A842C  2599 0001:000A8432
  2600 0001:000A843C  2602 0001:000A8444  2607 0001:000A8448  2608 0001:000A8449
  2610 0001:000A845B  2611 0001:000A8460  2612 0001:000A8467  2613 0001:000A8471
  2614 0001:000A8478  2616 0001:000A848D  2619 0001:000A84C0  2625 0001:000A84CA

Line numbers for usendgrid(..\..\..\dlib\sendgrid\usendgrid.pas) segment .text

    96 0001:000A85BC    97 0001:000A85F3    98 0001:000A85FB    99 0001:000A860A
   100 0001:000A8619   102 0001:000A8628   103 0001:000A862E   105 0001:000A8639
   108 0001:000A8652   109 0001:000A865E   110 0001:000A8674   111 0001:000A869D
   112 0001:000A86AE   113 0001:000A86C4   114 0001:000A86D8   115 0001:000A86EE
   117 0001:000A8736   122 0001:000A87A4   123 0001:000A87B2   124 0001:000A87B9
   126 0001:000A87BE   128 0001:000A87C5   131 0001:000A87CA   132 0001:000A87D1
   137 0001:000A87D6   138 0001:000A87DD   140 0001:000A87E2   141 0001:000A87F9
   144 0001:000A8800   145 0001:000A8809   146 0001:000A8813   154 0001:000A8818
   155 0001:000A8821   156 0001:000A882B   160 0001:000A8830   161 0001:000A8833
   164 0001:000A8834   165 0001:000A883D   166 0001:000A8847   169 0001:000A884C
   170 0001:000A8855   171 0001:000A885F   174 0001:000A8864   175 0001:000A886D
   176 0001:000A8876   187 0001:000A887C   188 0001:000A88A1   189 0001:000A88B1
   190 0001:000A88CB   191 0001:000A88E5   192 0001:000A890A   194 0001:000A8911
   195 0001:000A891E   201 0001:000A892B   202 0001:000A8938   203 0001:000A8943
   206 0001:000A8950   208 0001:000A8963   209 0001:000A8970   211 0001:000A8998
   212 0001:000A89A8   213 0001:000A89D8   214 0001:000A8A09   215 0001:000A8A85
   216 0001:000A8A8C   209 0001:000A8A8F   217 0001:000A8A98   220 0001:000A8AB0
   221 0001:000A8ABD   223 0001:000A8ACA   224 0001:000A8AD7   225 0001:000A8AE7
   226 0001:000A8B01   227 0001:000A8B1B   228 0001:000A8B40   230 0001:000A8B47
   231 0001:000A8B5F   234 0001:000A8B7B   236 0001:000A8B96   237 0001:000A8BA3
   238 0001:000A8BB3   239 0001:000A8BD3   240 0001:000A8BF3   241 0001:000A8C24
   242 0001:000A8C2B   245 0001:000A8C43   246 0001:000A8C53   247 0001:000A8C73
   248 0001:000A8C93   249 0001:000A8CC4   251 0001:000A8CCB   252 0001:000A8CD8
   253 0001:000A8CE3   255 0001:000A8CF0   257 0001:000A8D03   258 0001:000A8D10
   260 0001:000A8D38   261 0001:000A8D46   263 0001:000A8D52   264 0001:000A8D7D
   265 0001:000A8D8E   269 0001:000A8DA8   270 0001:000A8DB9   271 0001:000A8DD0
   274 0001:000A8E0D   275 0001:000A8E13   277 0001:000A8E1B   278 0001:000A8E21
   281 0001:000A8E31   282 0001:000A8E41   283 0001:000A8E50   284 0001:000A8E76
   285 0001:000A8E88   287 0001:000A8E99   288 0001:000A8ECA   290 0001:000A8ED1
   291 0001:000A8ED7   293 0001:000A8EE4   294 0001:000A8EEF   258 0001:000A8EF2
   295 0001:000A8EFB   297 0001:000A8F08   298 0001:000A901E   301 0001:000A91D4
   302 0001:000A91DD   303 0001:000A91E7   306 0001:000A91EC   307 0001:000A91F5
   308 0001:000A91FF   311 0001:000A9204   312 0001:000A920D   313 0001:000A9226
   320 0001:000A924C   321 0001:000A9269   326 0001:000A9278   327 0001:000A9293
   330 0001:000A9298   331 0001:000A92A6   332 0001:000A92B7   333 0001:000A92D6
   334 0001:000A92F6   335 0001:000A930C   337 0001:000A9337   338 0001:000A933F
   340 0001:000A937C   362 0001:000A944C   363 0001:000A947C   364 0001:000A947E
   365 0001:000A9491   366 0001:000A94B1   364 0001:000A94BC   368 0001:000A94BF
   369 0001:000A94E0   372 0001:000A94E2   374 0001:000A94F5   376 0001:000A9511
   378 0001:000A9515   379 0001:000A9523   380 0001:000A952B   383 0001:000A9537
   384 0001:000A9551   372 0001:000A9552   385 0001:000A9555   386 0001:000A9563
   387 0001:000A95AC   395 0001:000A95C0   396 0001:000A95C9   397 0001:000A95D3
   415 0001:000A9608   415 0001:000A960F

Line numbers for Unit1(Unit1.pas) segment .text

    40 0001:000A9800    41 0001:000A9807    42 0001:000A981B    44 0001:000A9829
    45 0001:000A9839    46 0001:000A9849    47 0001:000A9859    48 0001:000A9869
    49 0001:000A9879    50 0001:000A9889    51 0001:000A9899    52 0001:000A98A9
    53 0001:000A98C7    54 0001:000A98D7    55 0001:000A98ED    57 0001:000A9902
    59 0001:000A9912    63 0001:000A9A18    64 0001:000A9A23    66 0001:000A9A54
    66 0001:000A9A5B

Line numbers for sendgrid(C:\dlib\sendgrid\sendgrid.dpr) segment .text

    11 0001:000AA01C    12 0001:000AA02C    13 0001:000AA038    14 0001:000AA050
    15 0001:000AA05C

Bound resource files

c:\program files (x86)\borland\delphi7\Lib\Buttons.res
c:\program files (x86)\borland\delphi7\Lib\ExtDlgs.res
c:\program files (x86)\borland\delphi7\Lib\Controls.res
C:\dlib\FR5\LIBD7\fs_synmemo.dfm
Unit1.dfm
sendgrid.res
sendgrid.drf


Program entry point at 0001:000AA01C
